<html>
<body>
<pre>
<h1>礦ision Build Log</h1>
<h2>Project:</h2>
E:\学习\全动电子液晶测试程序\液晶模块配套资料整理\最新模块代码资料制作\3.5寸\3.5寸ILI9486模块配套资料QD-TFT3502_V1.0\4，STM32单片机程序源码\STM32_3.5寸_ILI9486简单GUI演示程序_IO模拟 - 8位16位\USER\TOUCH.uvproj
Project File Date:  07/16/2015

<h2>Output:</h2>
Build target 'Target 1'
linking...
Program Size: Code=22106 RO-data=9162 RW-data=112 ZI-data=1648  
FromELF: creating hex file...
"..\OBJ\TOUCH.axf" - 0 Error(s), 0 Warning(s).
Load "..\\OBJ\\TOUCH.axf" 
Set JLink Project File to "E:\学习\全动电子液晶测试程序\液晶模块配套资料整理\最新模块代码资料制作\3.5寸\3.5寸ILI9486模块配套资料QD-TFT3502_V1.0\4，STM32单片机程序源码\STM32_3.5寸_ILI9486简单GUI演示程序_IO模拟 - 8位16位\USER\JLinkSettings.ini"
* JLink Info: Device "STM32F103RB" selected (128 KB flash, 20 KB RAM).
 
JLink info:
------------
DLL: V4.80g, compiled Feb 13 2014 20:50:02
Firmware: J-Link ARM V8 compiled Nov 25 2013 19:20:08
Hardware: V8.00
S/N : 308621590 
Feature(s) : RDI,FlashDL,FlashBP,JFlash,GDBFULL 
 
* JLink Info: Found SWD-DP with ID 0x1BA01477
* JLink Info: Found SWD-DP with ID 0x1BA01477
* JLink Info: Found Cortex-M3 r1p1, Little endian.
* JLink Info: FPUnit: 6 code (BP) slots and 2 literal slots
* JLink Info: TPIU fitted.
* JLink Info: ETM fitted.
ROMTableAddr = 0xE00FF003
 
Target info:
------------
Device: STM32F103RB
VTarget = 3.313V
State of Pins: 
TCK: 0, TDI: 1, TDO: 1, TMS: 1, TRES: 1, TRST: 1
Hardware-Breakpoints: 6
Software-Breakpoints: 8192
Watchpoints:          4
JTAG speed: 4000 kHz
 
Erase Done.
Programming Done.
Verify OK.
Application running ...
</pre>
</body>
</html>
