<html>
<body>
<pre>
<h1>礦ision Build Log</h1>
<h2>Project:</h2>
E:\学习\全动电子液晶测试程序\液晶模块配套资料整理\最新模块代码资料制作\串口模块\3.5寸\3.5inch_Arduino_Mega2560_ILI9486_V1.0\STM32 Demo_STM32F103RCT6\Example02-Show Pictures from SDCard\USER\PICDEC.uvproj
Project File Date:  04/22/2016

<h2>Output:</h2>
Build target 'Target 1'
compiling main.c...
compiling stm32f10x_it.c...
compiling system_stm32f10x.c...
compiling led.c...
compiling key.c...
compiling wdg.c...
compiling timer.c...
compiling pwm.c...
compiling lcd.c...
compiling wkup.c...
compiling adc.c...
compiling tsensor.c...
compiling myiic.c...
compiling 24cxx.c...
compiling spi.c...
compiling flash.c...
compiling touch.c...
compiling mmc_sd.c...
compiling delay.c...
compiling sys.c...
compiling usart.c...
compiling core_cm3.c...
assembling startup_stm32f10x_md.s...
compiling misc.c...
compiling stm32f10x_adc.c...
compiling stm32f10x_bkp.c...
compiling stm32f10x_can.c...
compiling stm32f10x_cec.c...
compiling stm32f10x_crc.c...
compiling stm32f10x_dac.c...
compiling stm32f10x_dbgmcu.c...
compiling stm32f10x_dma.c...
compiling stm32f10x_exti.c...
compiling stm32f10x_flash.c...
compiling stm32f10x_fsmc.c...
compiling stm32f10x_gpio.c...
compiling stm32f10x_i2c.c...
compiling stm32f10x_iwdg.c...
compiling stm32f10x_pwr.c...
compiling stm32f10x_rcc.c...
compiling stm32f10x_rtc.c...
compiling stm32f10x_sdio.c...
compiling stm32f10x_spi.c...
compiling stm32f10x_tim.c...
compiling stm32f10x_usart.c...
compiling stm32f10x_wwdg.c...
compiling exfuns.c...
compiling ff.c...
compiling diskio.c...
compiling mycc936.c...
compiling fontupd.c...
compiling text.c...
compiling picdecoder.c...
linking...
Program Size: Code=45066 RO-data=4370 RW-data=524 ZI-data=15956  
FromELF: creating hex file...
".\PICDEC.axf" - 0 Error(s), 0 Warning(s).
Clean started: Project: 'PICDEC'
   deleting intermediate output files for target 'Target 1'
</pre>
</body>
</html>
