Product: MDK-ARM Professional 5.10
Component: ARM Compiler 5.04 update 1 (build 49)
Tool: armlink [5040049]

==============================================================================

Section Cross References

    main.o(.text) refers to delay.o(.text) for delay_ms
    main.o(.text) refers to lcd.o(.text) for LCD_Clear
    main.o(.text) refers to ff.o(.text) for f_opendir
    main.o(.text) refers to strcpy.o(.text) for strcpy
    main.o(.text) refers to strcat.o(.text) for strcat
    main.o(.text) refers to picdecoder.o(.text) for AI_LoadPicFile
    main.o(.text) refers to text.o(.text) for Show_Str
    main.o(.text) refers to rt_memcpy_w.o(.text) for __aeabi_memcpy4
    main.o(.text) refers to system_stm32f10x.o(.text) for SystemInit
    main.o(.text) refers to sys.o(.text) for NVIC_Configuration
    main.o(.text) refers to usart.o(.text) for uart_init
    main.o(.text) refers to led.o(.text) for LED_Init
    main.o(.text) refers to key.o(.text) for KEY_Init
    main.o(.text) refers to flash.o(.text) for SPI_Flash_Init
    main.o(.text) refers to main.o(.bss) for lfn
    main.o(.text) refers to lcd.o(.data) for POINT_COLOR
    system_stm32f10x.o(.text) refers to system_stm32f10x.o(.data) for SystemCoreClock
    led.o(.text) refers to stm32f10x_rcc.o(.text) for RCC_APB2PeriphClockCmd
    led.o(.text) refers to stm32f10x_gpio.o(.text) for GPIO_Init
    key.o(.text) refers to stm32f10x_rcc.o(.text) for RCC_APB2PeriphClockCmd
    key.o(.text) refers to stm32f10x_gpio.o(.text) for GPIO_Init
    key.o(.text) refers to delay.o(.text) for delay_ms
    key.o(.text) refers to key.o(.data) for key_up
    wdg.o(.text) refers to stm32f10x_iwdg.o(.text) for IWDG_WriteAccessCmd
    wdg.o(.text) refers to misc.o(.text) for NVIC_Init
    wdg.o(.text) refers to stm32f10x_rcc.o(.text) for RCC_APB1PeriphClockCmd
    wdg.o(.text) refers to stm32f10x_wwdg.o(.text) for WWDG_SetPrescaler
    timer.o(.text) refers to stm32f10x_rcc.o(.text) for RCC_APB1PeriphClockCmd
    timer.o(.text) refers to stm32f10x_tim.o(.text) for TIM_TimeBaseInit
    timer.o(.text) refers to misc.o(.text) for NVIC_Init
    pwm.o(.text) refers to stm32f10x_rcc.o(.text) for RCC_APB1PeriphClockCmd
    pwm.o(.text) refers to stm32f10x_gpio.o(.text) for GPIO_Init
    pwm.o(.text) refers to stm32f10x_tim.o(.text) for TIM_TimeBaseInit
    lcd.o(.text) refers to stm32f10x_rcc.o(.text) for RCC_APB2PeriphClockCmd
    lcd.o(.text) refers to stm32f10x_gpio.o(.text) for GPIO_PinRemapConfig
    lcd.o(.text) refers to delay.o(.text) for delay_ms
    lcd.o(.text) refers to lcd.o(.bss) for lcddev
    lcd.o(.text) refers to lcd.o(.data) for POINT_COLOR
    lcd.o(.text) refers to lcd.o(.constdata) for asc2_1206
    wkup.o(.text) refers to misc.o(.text) for NVIC_SystemLPConfig
    wkup.o(.text) refers to stm32f10x_rcc.o(.text) for RCC_APB1PeriphClockCmd
    wkup.o(.text) refers to stm32f10x_pwr.o(.text) for PWR_WakeUpPinCmd
    wkup.o(.text) refers to delay.o(.text) for delay_ms
    wkup.o(.text) refers to stm32f10x_gpio.o(.text) for GPIO_Init
    wkup.o(.text) refers to stm32f10x_exti.o(.text) for EXTI_Init
    adc.o(.text) refers to stm32f10x_rcc.o(.text) for RCC_APB2PeriphClockCmd
    adc.o(.text) refers to stm32f10x_gpio.o(.text) for GPIO_Init
    adc.o(.text) refers to stm32f10x_adc.o(.text) for ADC_DeInit
    tsensor.o(.text) refers to stm32f10x_rcc.o(.text) for RCC_APB2PeriphClockCmd
    tsensor.o(.text) refers to stm32f10x_gpio.o(.text) for GPIO_Init
    tsensor.o(.text) refers to stm32f10x_adc.o(.text) for ADC_DeInit
    tsensor.o(.text) refers to delay.o(.text) for delay_ms
    myiic.o(.text) refers to stm32f10x_rcc.o(.text) for RCC_APB2PeriphClockCmd
    myiic.o(.text) refers to stm32f10x_gpio.o(.text) for GPIO_Init
    myiic.o(.text) refers to delay.o(.text) for delay_us
    24cxx.o(.text) refers to myiic.o(.text) for IIC_Init
    24cxx.o(.text) refers to delay.o(.text) for delay_ms
    spi.o(.text) refers to stm32f10x_spi.o(.text) for SPI_I2S_GetFlagStatus
    spi.o(.text) refers to stm32f10x_rcc.o(.text) for RCC_APB2PeriphClockCmd
    spi.o(.text) refers to stm32f10x_gpio.o(.text) for GPIO_Init
    spi.o(.text) refers to spi.o(.bss) for SPI_InitStructure
    flash.o(.text) refers to stm32f10x_gpio.o(.text) for GPIO_Init
    flash.o(.text) refers to spi.o(.text) for SPIx_Init
    flash.o(.text) refers to delay.o(.text) for delay_us
    flash.o(.text) refers to flash.o(.bss) for SPI_FLASH_BUF
    touch.o(.text) refers to delay.o(.text) for delay_us
    touch.o(.text) refers to lcd.o(.text) for LCD_DrawLine
    touch.o(.text) refers to fflt_clz.o(x$fpl$fflt) for __aeabi_i2f
    touch.o(.text) refers to fflt_clz.o(x$fpl$ffltu) for __aeabi_ui2f
    touch.o(.text) refers to fmul.o(x$fpl$fmul) for __aeabi_fmul
    touch.o(.text) refers to faddsub_clz.o(x$fpl$fadd) for __aeabi_fadd
    touch.o(.text) refers to ffixu.o(x$fpl$ffixu) for __aeabi_f2uiz
    touch.o(.text) refers to ffix.o(x$fpl$ffix) for __aeabi_f2iz
[...]
    cst                                      0x0800bba6   Data          22  ff.o(.constdata)
    .constdata                               0x0800bbbc   Section      960  mycc936.o(.constdata)
    tbl_lower                                0x0800bbbc   Data         480  mycc936.o(.constdata)
    tbl_upper                                0x0800bd9c   Data         480  mycc936.o(.constdata)
    .constdata                               0x0800bf7c   Section      265  picdecoder.o(.constdata)
    .conststring                             0x0800c088   Section      100  exfuns.o(.conststring)
    .conststring                             0x0800c0ec   Section       55  fontupd.o(.conststring)
    .data                                    0x20000000   Section       20  system_stm32f10x.o(.data)
    .data                                    0x20000014   Section        1  key.o(.data)
    key_up                                   0x20000014   Data           1  key.o(.data)
    .data                                    0x20000016   Section        6  lcd.o(.data)
    .data                                    0x2000001c   Section        2  touch.o(.data)
    .data                                    0x2000001e   Section        1  mmc_sd.o(.data)
    .data                                    0x20000020   Section        4  delay.o(.data)
    fac_us                                   0x20000020   Data           1  delay.o(.data)
    fac_ms                                   0x20000022   Data           2  delay.o(.data)
    .data                                    0x20000024   Section        5  usart.o(.data)
    .data                                    0x20000029   Section       20  stm32f10x_rcc.o(.data)
    APBAHBPrescTable                         0x20000029   Data          16  stm32f10x_rcc.o(.data)
    ADCPrescTable                            0x20000039   Data           4  stm32f10x_rcc.o(.data)
    .data                                    0x20000040   Section      320  exfuns.o(.data)
    .data                                    0x20000180   Section       11  ff.o(.data)
    FatFs                                    0x20000180   Data           8  ff.o(.data)
    Fsid                                     0x20000188   Data           2  ff.o(.data)
    CurrVol                                  0x2000018a   Data           1  ff.o(.data)
    .data                                    0x2000018c   Section       24  fontupd.o(.data)
    .data                                    0x200001a4   Section      104  picdecoder.o(.data)
    .bss                                     0x2000020c   Section      256  main.o(.bss)
    lfn                                      0x2000020c   Data         256  main.o(.bss)
    .bss                                     0x2000030c   Section       14  lcd.o(.bss)
    .bss                                     0x2000031a   Section       18  spi.o(.bss)
    .bss                                     0x2000032c   Section     4096  flash.o(.bss)
    .bss                                     0x2000132c   Section       28  touch.o(.bss)
    .bss                                     0x20001348   Section       64  usart.o(.bss)
    .bss                                     0x20001388   Section      512  ff.o(.bss)
    LfnBuf                                   0x20001388   Data         512  ff.o(.bss)
    .bss                                     0x20001588   Section     9332  picdecoder.o(.bss)
    .bss                                     0x200039fc   Section       96  libspace.o(.bss)
    HEAP                                     0x20003a60   Section      512  startup_stm32f10x_md.o(HEAP)
    Heap_Mem                                 0x20003a60   Data         512  startup_stm32f10x_md.o(HEAP)
    STACK                                    0x20003c60   Section     1024  startup_stm32f10x_md.o(STACK)
    Stack_Mem                                0x20003c60   Data        1024  startup_stm32f10x_md.o(STACK)
    __initial_sp                             0x20004060   Data           0  startup_stm32f10x_md.o(STACK)

    Global Symbols

    Symbol Name                              Value     Ov Type        Size  Object(Section)

    BuildAttributes$$THM_ISAv4$P$D$K$B$S$PE$A:L22UL41UL21$X:L11$S22US41US21$IEEE1$IW$USESV6$~STKCKD$USESV7$~SHL$OTIME$ROPI$IEEEJ$EBA8$UX$STANDARDLIB$REQ8$PRES8$EABIv2 0x00000000   Number         0  anon$$obj.o ABSOLUTE
    __ARM_use_no_argv                        0x00000000   Number         0  main.o ABSOLUTE
    __ARM_exceptions_init                     - Undefined Weak Reference
    __alloca_initialize                       - Undefined Weak Reference
    __cpp_initialize__aeabi_                  - Undefined Weak Reference
    __cxa_finalize                            - Undefined Weak Reference
    __rt_locale                               - Undefined Weak Reference
    __sigvec_lookup                           - Undefined Weak Reference
    _atexit_init                              - Undefined Weak Reference
    _call_atexit_fns                          - Undefined Weak Reference
    _clock_init                               - Undefined Weak Reference
    _fp_trap_init                             - Undefined Weak Reference
    _fp_trap_shutdown                         - Undefined Weak Reference
    _get_lc_collate                           - Undefined Weak Reference
    _get_lc_ctype                             - Undefined Weak Reference
    _get_lc_monetary                          - Undefined Weak Reference
    _get_lc_numeric                           - Undefined Weak Reference
    _get_lc_time                              - Undefined Weak Reference
    _getenv_init                              - Undefined Weak Reference
    _handle_redirection                       - Undefined Weak Reference
    _init_alloc                               - Undefined Weak Reference
    _init_user_alloc                          - Undefined Weak Reference
    _initio                                   - Undefined Weak Reference
    _rand_init                                - Undefined Weak Reference
    _signal_finish                            - Undefined Weak Reference
    _signal_init                              - Undefined Weak Reference
    _terminate_alloc                          - Undefined Weak Reference
    _terminate_user_alloc                     - Undefined Weak Reference
    _terminateio                              - Undefined Weak Reference
    __Vectors_Size                           0x000000ec   Number         0  startup_stm32f10x_md.o ABSOLUTE
    __Vectors                                0x08000000   Data           4  startup_stm32f10x_md.o(RESET)
    __Vectors_End                            0x080000ec   Data           0  startup_stm32f10x_md.o(RESET)
    __main                                   0x080000ed   Thumb Code     8  __main.o(!!!main)
    __scatterload                            0x080000f5   Thumb Code     0  __scatter.o(!!!scatter)
    __scatterload_rt2                        0x080000f5   Thumb Code    44  __scatter.o(!!!scatter)
    __scatterload_rt2_thumb_only             0x080000f5   Thumb Code     0  __scatter.o(!!!scatter)
    __scatterload_null                       0x08000103   Thumb Code     0  __scatter.o(!!!scatter)
    __decompress                             0x08000129   Thumb Code    90  __dczerorl2.o(!!dczerorl2)
    __decompress1                            0x08000129   Thumb Code     0  __dczerorl2.o(!!dczerorl2)
    __scatterload_zeroinit                   0x08000185   Thumb Code    28  __scatter_zi.o(!!handler_zi)
    __rt_lib_init                            0x080001a1   Thumb Code     0  libinit.o(.ARM.Collect$$libinit$$00000000)
    __rt_lib_init_alloca_1                   0x080001a3   Thumb Code     0  libinit2.o(.ARM.Collect$$libinit$$0000002C)
    __rt_lib_init_argv_1                     0x080001a3   Thumb Code     0  libinit2.o(.ARM.Collect$$libinit$$0000002A)
    __rt_lib_init_atexit_1                   0x080001a3   Thumb Code     0  libinit2.o(.ARM.Collect$$libinit$$00000019)
    __rt_lib_init_clock_1                    0x080001a3   Thumb Code     0  libinit2.o(.ARM.Collect$$libinit$$0000001F)
    __rt_lib_init_cpp_1                      0x080001a3   Thumb Code     0  libinit2.o(.ARM.Collect$$libinit$$00000030)
    __rt_lib_init_exceptions_1               0x080001a3   Thumb Code     0  libinit2.o(.ARM.Collect$$libinit$$0000002E)
    __rt_lib_init_fp_1                       0x080001a3   Thumb Code     0  libinit2.o(.ARM.Collect$$libinit$$00000002)
    __rt_lib_init_fp_trap_1                  0x080001a3   Thumb Code     0  libinit2.o(.ARM.Collect$$libinit$$0000001D)
    __rt_lib_init_getenv_1                   0x080001a3   Thumb Code     0  libinit2.o(.ARM.Collect$$libinit$$00000021)
    __rt_lib_init_heap_1                     0x080001a3   Thumb Code     0  libinit2.o(.ARM.Collect$$libinit$$00000008)
    __rt_lib_init_lc_collate_1               0x080001a3   Thumb Code     0  libinit2.o(.ARM.Collect$$libinit$$0000000F)
    __rt_lib_init_lc_ctype_1                 0x080001a3   Thumb Code     0  libinit2.o(.ARM.Collect$$libinit$$00000011)
    __rt_lib_init_lc_monetary_1              0x080001a3   Thumb Code     0  libinit2.o(.ARM.Collect$$libinit$$00000013)
    __rt_lib_init_lc_numeric_1               0x080001a3   Thumb Code     0  libinit2.o(.ARM.Collect$$libinit$$00000015)
    __rt_lib_init_lc_time_1                  0x080001a3   Thumb Code     0  libinit2.o(.ARM.Collect$$libinit$$00000017)
    __rt_lib_init_rand_1                     0x080001a3   Thumb Code     0  libinit2.o(.ARM.Collect$$libinit$$0000000C)
    __rt_lib_init_return                     0x080001a3   Thumb Code     0  libinit2.o(.ARM.Collect$$libinit$$00000031)
    __rt_lib_init_signal_1                   0x080001a3   Thumb Code     0  libinit2.o(.ARM.Collect$$libinit$$0000001B)
    __rt_lib_init_stdio_1                    0x080001a3   Thumb Code     0  libinit2.o(.ARM.Collect$$libinit$$00000023)
    __rt_lib_init_user_alloc_1               0x080001a3   Thumb Code     0  libinit2.o(.ARM.Collect$$libinit$$0000000A)
    __rt_lib_shutdown                        0x080001a5   Thumb Code     0  libshutdown.o(.ARM.Collect$$libshutdown$$00000000)
    __rt_lib_shutdown_fp_trap_1              0x080001a7   Thumb Code     0  libshutdown2.o(.ARM.Collect$$libshutdown$$00000006)
    __rt_lib_shutdown_heap_1                 0x080001a7   Thumb Code     0  libshutdown2.o(.ARM.Collect$$libshutdown$$0000000E)
    __rt_lib_shutdown_return                 0x080001a7   Thumb Code     0  libshutdown2.o(.ARM.Collect$$libshutdown$$0000000F)
    __rt_lib_shutdown_signal_1               0x080001a7   Thumb Code     0  libshutdown2.o(.ARM.Collect$$libshutdown$$00000009)
    __rt_lib_shutdown_stdio_1                0x080001a7   Thumb Code     0  libshutdown2.o(.ARM.Collect$$libshutdown$$00000003)
    __rt_lib_shutdown_user_alloc_1           0x080001a7   Thumb Code     0  libshutdown2.o(.ARM.Collect$$libshutdown$$0000000B)
    __rt_entry                               0x080001a9   Thumb Code     0  rtentry.o(.ARM.Collect$$rtentry$$00000000)
    __rt_entry_presh_1                       0x080001a9   Thumb Code     0  rtentry2.o(.ARM.Collect$$rtentry$$00000002)
    __rt_entry_sh                            0x080001a9   Thumb Code     0  rtentry4.o(.ARM.Collect$$rtentry$$00000004)
    __rt_entry_li                            0x080001af   Thumb Code     0  rtentry2.o(.ARM.Collect$$rtentry$$0000000A)
    __rt_entry_postsh_1                      0x080001af   Thumb Code     0  rtentry2.o(.ARM.Collect$$rtentry$$00000009)
    __rt_entry_main                          0x080001b3   Thumb Code     0  rtentry2.o(.ARM.Collect$$rtentry$$0000000D)
    __rt_entry_postli_1                      0x080001b3   Thumb Code     0  rtentry2.o(.ARM.Collect$$rtentry$$0000000C)
    __rt_exit                                0x080001bb   Thumb Code     0  rtexit.o(.ARM.Collect$$rtexit$$00000000)
    __rt_exit_ls                             0x080001bd   Thumb Code     0  rtexit2.o(.ARM.Collect$$rtexit$$00000003)
    __rt_exit_prels_1                        0x080001bd   Thumb Code     0  rtexit2.o(.ARM.Collect$$rtexit$$00000002)
    __rt_exit_exit                           0x080001c1   Thumb Code     0  rtexit2.o(.ARM.Collect$$rtexit$$00000004)
    viewPictures                             0x080001c9   Thumb Code   238  main.o(.text)
    main                                     0x080002b7   Thumb Code   162  main.o(.text)
    NMI_Handler                              0x080003cd   Thumb Code     2  stm32f10x_it.o(.text)
    HardFault_Handler                        0x080003cf   Thumb Code     4  stm32f10x_it.o(.text)
    MemManage_Handler                        0x080003d3   Thumb Code     4  stm32f10x_it.o(.text)
    BusFault_Handler                         0x080003d7   Thumb Code     4  stm32f10x_it.o(.text)
    UsageFault_Handler                       0x080003db   Thumb Code     4  stm32f10x_it.o(.text)
    SVC_Handler                              0x080003df   Thumb Code     2  stm32f10x_it.o(.text)
    DebugMon_Handler                         0x080003e1   Thumb Code     2  stm32f10x_it.o(.text)
    PendSV_Handler                           0x080003e3   Thumb Code     2  stm32f10x_it.o(.text)
    SysTick_Handler                          0x080003e5   Thumb Code     2  stm32f10x_it.o(.text)
    SystemInit                               0x080004c7   Thumb Code    78  system_stm32f10x.o(.text)
    SystemCoreClockUpdate                    0x08000515   Thumb Code   142  system_stm32f10x.o(.text)
    LED_Init                                 0x080005c9   Thumb Code    92  led.o(.text)
    KEY_Init                                 0x0800062d   Thumb Code    54  key.o(.text)
    KEY_Scan                                 0x08000663   Thumb Code   158  key.o(.text)
    IWDG_Init                                0x08000715   Thumb Code    36  wdg.o(.text)
    IWDG_Feed                                0x08000739   Thumb Code     8  wdg.o(.text)
    WWDG_NVIC_Init                           0x08000741   Thumb Code    28  wdg.o(.text)
    WWDG_Init                                0x0800075d   Thumb Code    48  wdg.o(.text)
    WWDG_Set_Counter                         0x0800078d   Thumb Code    12  wdg.o(.text)
    WWDG_IRQHandler                          0x08000799   Thumb Code    30  wdg.o(.text)
    Timerx_Init                              0x080007bd   Thumb Code    98  timer.o(.text)
    TIM3_IRQHandler                          0x0800081f   Thumb Code    38  timer.o(.text)
    LCD_WR_REG                               0x0800084d   Thumb Code    28  lcd.o(.text)
    LCD_WR_DATA                              0x08000869   Thumb Code    28  lcd.o(.text)
    LCD_DrawPoint_16Bit                      0x08000885   Thumb Code    12  lcd.o(.text)
    LCD_WriteReg                             0x08000891   Thumb Code    20  lcd.o(.text)
    LCD_WriteRAM_Prepare                     0x080008a5   Thumb Code    12  lcd.o(.text)
    LCD_SetCursor                            0x080008b1   Thumb Code    84  lcd.o(.text)
    LCD_DrawPoint                            0x08000905   Thumb Code    24  lcd.o(.text)
    LCD_SetWindows                           0x0800091d   Thumb Code    78  lcd.o(.text)
    LCD_Clear                                0x0800096b   Thumb Code    58  lcd.o(.text)
    LCD_GPIOInit                             0x080009a5   Thumb Code    88  lcd.o(.text)
    LCD_RESET                                0x080009fd   Thumb Code    28  lcd.o(.text)
    LCD_SetParam                             0x08000a19   Thumb Code    42  lcd.o(.text)
    LCD_Init                                 0x08000a43   Thumb Code   474  lcd.o(.text)
    LCD_Fill                                 0x08000c1d   Thumb Code   142  lcd.o(.text)
    LCD_DrawLine                             0x08000cab   Thumb Code   176  lcd.o(.text)
    LCD_DrawRectangle                        0x08000d5b   Thumb Code    60  lcd.o(.text)
    Draw_Circle                              0x08000d97   Thumb Code   176  lcd.o(.text)
    LCD_ShowChar                             0x08000e47   Thumb Code   264  lcd.o(.text)
    mypow                                    0x08000f4f   Thumb Code    22  lcd.o(.text)
    LCD_ShowNum                              0x08000f65   Thumb Code   148  lcd.o(.text)
    LCD_Show2Num                             0x08000ff9   Thumb Code    92  lcd.o(.text)
    LCD_ShowString                           0x08001055   Thumb Code    96  lcd.o(.text)
    Sys_Standby                              0x080010b5   Thumb Code    30  wkup.o(.text)
    Sys_Enter_Standby                        0x080010d3   Thumb Code    18  wkup.o(.text)
    Check_WKUP                               0x080010e5   Thumb Code    70  wkup.o(.text)
    EXTI0_IRQHandler                         0x0800112b   Thumb Code    20  wkup.o(.text)
    WKUP_Init                                0x0800113f   Thumb Code   106  wkup.o(.text)
    IIC_Init                                 0x080011b5   Thumb Code    52  myiic.o(.text)
    IIC_Start                                0x080011e9   Thumb Code    68  myiic.o(.text)
    IIC_Stop                                 0x0800122d   Thumb Code    62  myiic.o(.text)
    IIC_Wait_Ack                             0x0800126b   Thumb Code    86  myiic.o(.text)
    IIC_Ack                                  0x080012c1   Thumb Code    66  myiic.o(.text)
    IIC_NAck                                 0x08001303   Thumb Code    66  myiic.o(.text)
    IIC_Send_Byte                            0x08001345   Thumb Code    90  myiic.o(.text)
    IIC_Read_Byte                            0x0800139f   Thumb Code    98  myiic.o(.text)
    AT24CXX_Init                             0x0800140d   Thumb Code     8  24cxx.o(.text)
    AT24CXX_ReadOneByte                      0x08001415   Thumb Code    88  24cxx.o(.text)
    AT24CXX_WriteOneByte                     0x0800146d   Thumb Code    80  24cxx.o(.text)
    AT24CXX_WriteLenByte                     0x080014bd   Thumb Code    42  24cxx.o(.text)
    AT24CXX_ReadLenByte                      0x080014e7   Thumb Code    44  24cxx.o(.text)
    AT24CXX_Check                            0x08001513   Thumb Code    46  24cxx.o(.text)
    AT24CXX_Read                             0x08001541   Thumb Code    34  24cxx.o(.text)
    AT24CXX_Write                            0x08001563   Thumb Code    36  24cxx.o(.text)
    SPIx_ReadWriteByte                       0x08001589   Thumb Code    78  spi.o(.text)
    SPIx_Init                                0x080015d7   Thumb Code   108  spi.o(.text)
    SPIx_SetSpeed                            0x08001643   Thumb Code    26  spi.o(.text)
    SPI_Flash_Init                           0x08001669   Thumb Code    36  flash.o(.text)
    SPI_Flash_ReadSR                         0x0800168d   Thumb Code    36  flash.o(.text)
    SPI_FLASH_Write_SR                       0x080016b1   Thumb Code    32  flash.o(.text)
    SPI_FLASH_Write_Enable                   0x080016d1   Thumb Code    24  flash.o(.text)
    SPI_FLASH_Write_Disable                  0x080016e9   Thumb Code    24  flash.o(.text)
    SPI_Flash_ReadID                         0x08001701   Thumb Code    64  flash.o(.text)
    SPI_Flash_Read                           0x08001741   Thumb Code    74  flash.o(.text)
    SPI_Flash_Wait_Busy                      0x0800178b   Thumb Code    18  flash.o(.text)
    SPI_Flash_Write_Page                     0x0800179d   Thumb Code    80  flash.o(.text)
    SPI_Flash_Write_NoCheck                  0x080017ed   Thumb Code    70  flash.o(.text)
    SPI_Flash_Erase_Sector                   0x08001833   Thumb Code    62  flash.o(.text)
    SPI_Flash_Write                          0x08001871   Thumb Code   176  flash.o(.text)
    SPI_Flash_Erase_Chip                     0x08001921   Thumb Code    36  flash.o(.text)
    SPI_Flash_PowerDown                      0x08001945   Thumb Code    30  flash.o(.text)
    SPI_Flash_WAKEUP                         0x08001963   Thumb Code    30  flash.o(.text)
    ADS_Write_Byte                           0x08001991   Thumb Code    56  touch.o(.text)
    ADS_Read_AD                              0x080019c9   Thumb Code   112  touch.o(.text)
    ADS_Read_XY                              0x08001a39   Thumb Code   124  touch.o(.text)
    Read_ADS                                 0x08001ab5   Thumb Code    50  touch.o(.text)
    Read_ADS2                                0x08001ae7   Thumb Code   192  touch.o(.text)
    Pen_Int_Set                              0x08001ba7   Thumb Code    30  touch.o(.text)
    Read_TP_Once                             0x08001bc5   Thumb Code    66  touch.o(.text)
    Drow_Touch_Point                         0x08001c07   Thumb Code    98  touch.o(.text)
    Draw_Big_Point                           0x08001c69   Thumb Code    44  touch.o(.text)
    Convert_Pos                              0x08001c95   Thumb Code   118  touch.o(.text)
    EXTI1_IRQHandler                         0x08001d0b   Thumb Code    16  touch.o(.text)
    Save_Adjdata                             0x08001d1b   Thumb Code   138  touch.o(.text)
    Get_Adjdata                              0x08001da5   Thumb Code   148  touch.o(.text)
    ADJ_INFO_SHOW                            0x08001e39   Thumb Code    66  touch.o(.text)
    Touch_Adjust                             0x08001e7b   Thumb Code  2280  touch.o(.text)
    Touch_Init                               0x08002763   Thumb Code   178  touch.o(.text)
    SD_SPI_ReadWriteByte                     0x08002855   Thumb Code    12  mmc_sd.o(.text)
    SD_SPI_SpeedLow                          0x08002861   Thumb Code    10  mmc_sd.o(.text)
    SD_SPI_SpeedHigh                         0x0800286b   Thumb Code    10  mmc_sd.o(.text)
    SD_SPI_Init                              0x08002875   Thumb Code    56  mmc_sd.o(.text)
    SD_DisSelect                             0x080028ad   Thumb Code    16  mmc_sd.o(.text)
    SD_WaitReady                             0x080028bd   Thumb Code    34  mmc_sd.o(.text)
    SD_Select                                0x080028df   Thumb Code    26  mmc_sd.o(.text)
    SD_GetResponse                           0x080028f9   Thumb Code    38  mmc_sd.o(.text)
    SD_RecvData                              0x0800291f   Thumb Code    56  mmc_sd.o(.text)
    SD_SendBlock                             0x08002957   Thumb Code    82  mmc_sd.o(.text)
    SD_SendCmd                               0x080029a9   Thumb Code   120  mmc_sd.o(.text)
    SD_GetCID                                0x08002a21   Thumb Code    42  mmc_sd.o(.text)
    SD_GetCSD                                0x08002a4b   Thumb Code    42  mmc_sd.o(.text)
    SD_GetSectorCount                        0x08002a75   Thumb Code   118  mmc_sd.o(.text)
    SD_Idle_Sta                              0x08002aeb   Thumb Code    74  mmc_sd.o(.text)
    SD_Initialize                            0x08002b35   Thumb Code   400  mmc_sd.o(.text)
    SD_ReadDisk                              0x08002cc5   Thumb Code   112  mmc_sd.o(.text)
    SD_WriteDisk                             0x08002d35   Thumb Code   140  mmc_sd.o(.text)
    delay_init                               0x08002dc5   Thumb Code    52  delay.o(.text)
    delay_ms                                 0x08002df9   Thumb Code    56  delay.o(.text)
    delay_us                                 0x08002e31   Thumb Code    56  delay.o(.text)
    NVIC_Configuration                       0x08002e71   Thumb Code    12  sys.o(.text)
    _sys_exit                                0x08002e7d   Thumb Code     6  usart.o(.text)
    fputc                                    0x08002e83   Thumb Code    24  usart.o(.text)
    uart_init                                0x08002e9b   Thumb Code   152  usart.o(.text)
    USART1_IRQHandler                        0x08002f33   Thumb Code   122  usart.o(.text)
    Reset_Handler                            0x08002fbd   Thumb Code     8  startup_stm32f10x_md.o(.text)
    ADC1_2_IRQHandler                        0x08002fd7   Thumb Code     0  startup_stm32f10x_md.o(.text)
    CAN1_RX1_IRQHandler                      0x08002fd7   Thumb Code     0  startup_stm32f10x_md.o(.text)
    CAN1_SCE_IRQHandler                      0x08002fd7   Thumb Code     0  startup_stm32f10x_md.o(.text)
    DMA1_Channel1_IRQHandler                 0x08002fd7   Thumb Code     0  startup_stm32f10x_md.o(.text)
    DMA1_Channel2_IRQHandler                 0x08002fd7   Thumb Code     0  startup_stm32f10x_md.o(.text)
    DMA1_Channel3_IRQHandler                 0x08002fd7   Thumb Code     0  startup_stm32f10x_md.o(.text)
    DMA1_Channel4_IRQHandler                 0x08002fd7   Thumb Code     0  startup_stm32f10x_md.o(.text)
    DMA1_Channel5_IRQHandler                 0x08002fd7   Thumb Code     0  startup_stm32f10x_md.o(.text)
    DMA1_Channel6_IRQHandler                 0x08002fd7   Thumb Code     0  startup_stm32f10x_md.o(.text)
    DMA1_Channel7_IRQHandler                 0x08002fd7   Thumb Code     0  startup_stm32f10x_md.o(.text)
    EXTI15_10_IRQHandler                     0x08002fd7   Thumb Code     0  startup_stm32f10x_md.o(.text)
    EXTI2_IRQHandler                         0x08002fd7   Thumb Code     0  startup_stm32f10x_md.o(.text)
    EXTI3_IRQHandler                         0x08002fd7   Thumb Code     0  startup_stm32f10x_md.o(.text)
    EXTI4_IRQHandler                         0x08002fd7   Thumb Code     0  startup_stm32f10x_md.o(.text)
    EXTI9_5_IRQHandler                       0x08002fd7   Thumb Code     0  startup_stm32f10x_md.o(.text)
    FLASH_IRQHandler                         0x08002fd7   Thumb Code     0  startup_stm32f10x_md.o(.text)
    I2C1_ER_IRQHandler                       0x08002fd7   Thumb Code     0  startup_stm32f10x_md.o(.text)
    I2C1_EV_IRQHandler                       0x08002fd7   Thumb Code     0  startup_stm32f10x_md.o(.text)
    I2C2_ER_IRQHandler                       0x08002fd7   Thumb Code     0  startup_stm32f10x_md.o(.text)
    I2C2_EV_IRQHandler                       0x08002fd7   Thumb Code     0  startup_stm32f10x_md.o(.text)
    PVD_IRQHandler                           0x08002fd7   Thumb Code     0  startup_stm32f10x_md.o(.text)
    RCC_IRQHandler                           0x08002fd7   Thumb Code     0  startup_stm32f10x_md.o(.text)
    RTCAlarm_IRQHandler                      0x08002fd7   Thumb Code     0  startup_stm32f10x_md.o(.text)
    RTC_IRQHandler                           0x08002fd7   Thumb Code     0  startup_stm32f10x_md.o(.text)
    SPI1_IRQHandler                          0x08002fd7   Thumb Code     0  startup_stm32f10x_md.o(.text)
    SPI2_IRQHandler                          0x08002fd7   Thumb Code     0  startup_stm32f10x_md.o(.text)
    TAMPER_IRQHandler                        0x08002fd7   Thumb Code     0  startup_stm32f10x_md.o(.text)
    TIM1_BRK_IRQHandler                      0x08002fd7   Thumb Code     0  startup_stm32f10x_md.o(.text)
    TIM1_CC_IRQHandler                       0x08002fd7   Thumb Code     0  startup_stm32f10x_md.o(.text)
    TIM1_TRG_COM_IRQHandler                  0x08002fd7   Thumb Code     0  startup_stm32f10x_md.o(.text)
    TIM1_UP_IRQHandler                       0x08002fd7   Thumb Code     0  startup_stm32f10x_md.o(.text)
    TIM2_IRQHandler                          0x08002fd7   Thumb Code     0  startup_stm32f10x_md.o(.text)
    TIM4_IRQHandler                          0x08002fd7   Thumb Code     0  startup_stm32f10x_md.o(.text)
    USART2_IRQHandler                        0x08002fd7   Thumb Code     0  startup_stm32f10x_md.o(.text)
    USART3_IRQHandler                        0x08002fd7   Thumb Code     0  startup_stm32f10x_md.o(.text)
    USBWakeUp_IRQHandler                     0x08002fd7   Thumb Code     0  startup_stm32f10x_md.o(.text)
    USB_HP_CAN1_TX_IRQHandler                0x08002fd7   Thumb Code     0  startup_stm32f10x_md.o(.text)
    USB_LP_CAN1_RX0_IRQHandler               0x08002fd7   Thumb Code     0  startup_stm32f10x_md.o(.text)
    __user_initial_stackheap                 0x08002fd9   Thumb Code     0  startup_stm32f10x_md.o(.text)
    NVIC_PriorityGroupConfig                 0x08002ffd   Thumb Code    10  misc.o(.text)
    NVIC_Init                                0x08003007   Thumb Code   100  misc.o(.text)
    NVIC_SetVectorTable                      0x0800306b   Thumb Code    14  misc.o(.text)
    NVIC_SystemLPConfig                      0x08003079   Thumb Code    34  misc.o(.text)
    SysTick_CLKSourceConfig                  0x0800309b   Thumb Code    40  misc.o(.text)
    EXTI_DeInit                              0x080030d9   Thumb Code    28  stm32f10x_exti.o(.text)
    EXTI_Init                                0x080030f5   Thumb Code   142  stm32f10x_exti.o(.text)
    EXTI_StructInit                          0x08003183   Thumb Code    16  stm32f10x_exti.o(.text)
    EXTI_GenerateSWInterrupt                 0x08003193   Thumb Code    16  stm32f10x_exti.o(.text)
    EXTI_GetFlagStatus                       0x080031a3   Thumb Code    22  stm32f10x_exti.o(.text)
    EXTI_ClearFlag                           0x080031b9   Thumb Code     8  stm32f10x_exti.o(.text)
    EXTI_GetITStatus                         0x080031c1   Thumb Code    34  stm32f10x_exti.o(.text)
    EXTI_ClearITPendingBit                   0x080031e3   Thumb Code     8  stm32f10x_exti.o(.text)
    GPIO_DeInit                              0x080031f5   Thumb Code   172  stm32f10x_gpio.o(.text)
    GPIO_AFIODeInit                          0x080032a1   Thumb Code    20  stm32f10x_gpio.o(.text)
    GPIO_Init                                0x080032b5   Thumb Code   278  stm32f10x_gpio.o(.text)
    GPIO_StructInit                          0x080033cb   Thumb Code    16  stm32f10x_gpio.o(.text)
    GPIO_ReadInputDataBit                    0x080033db   Thumb Code    18  stm32f10x_gpio.o(.text)
    GPIO_ReadInputData                       0x080033ed   Thumb Code     8  stm32f10x_gpio.o(.text)
    GPIO_ReadOutputDataBit                   0x080033f5   Thumb Code    18  stm32f10x_gpio.o(.text)
    GPIO_ReadOutputData                      0x08003407   Thumb Code     8  stm32f10x_gpio.o(.text)
    GPIO_SetBits                             0x0800340f   Thumb Code     4  stm32f10x_gpio.o(.text)
    GPIO_ResetBits                           0x08003413   Thumb Code     4  stm32f10x_gpio.o(.text)
    GPIO_WriteBit                            0x08003417   Thumb Code    10  stm32f10x_gpio.o(.text)
    GPIO_Write                               0x08003421   Thumb Code     4  stm32f10x_gpio.o(.text)
    GPIO_PinLockConfig                       0x08003425   Thumb Code    18  stm32f10x_gpio.o(.text)
    GPIO_EventOutputConfig                   0x08003437   Thumb Code    26  stm32f10x_gpio.o(.text)
    GPIO_EventOutputCmd                      0x08003451   Thumb Code     6  stm32f10x_gpio.o(.text)
    GPIO_PinRemapConfig                      0x08003457   Thumb Code   138  stm32f10x_gpio.o(.text)
    GPIO_EXTILineConfig                      0x080034e1   Thumb Code    66  stm32f10x_gpio.o(.text)
    GPIO_ETH_MediaInterfaceConfig            0x08003523   Thumb Code     8  stm32f10x_gpio.o(.text)
    IWDG_WriteAccessCmd                      0x08003551   Thumb Code     6  stm32f10x_iwdg.o(.text)
    IWDG_SetPrescaler                        0x08003557   Thumb Code     6  stm32f10x_iwdg.o(.text)
    IWDG_SetReload                           0x0800355d   Thumb Code     6  stm32f10x_iwdg.o(.text)
    IWDG_ReloadCounter                       0x08003563   Thumb Code    10  stm32f10x_iwdg.o(.text)
    IWDG_Enable                              0x0800356d   Thumb Code    10  stm32f10x_iwdg.o(.text)
    IWDG_GetFlagStatus                       0x08003577   Thumb Code    20  stm32f10x_iwdg.o(.text)
    PWR_DeInit                               0x08003591   Thumb Code    22  stm32f10x_pwr.o(.text)
    PWR_BackupAccessCmd                      0x080035a7   Thumb Code     6  stm32f10x_pwr.o(.text)
    PWR_PVDCmd                               0x080035ad   Thumb Code     6  stm32f10x_pwr.o(.text)
    PWR_PVDLevelConfig                       0x080035b3   Thumb Code    18  stm32f10x_pwr.o(.text)
    PWR_WakeUpPinCmd                         0x080035c5   Thumb Code     8  stm32f10x_pwr.o(.text)
    PWR_EnterSTOPMode                        0x080035cd   Thumb Code    54  stm32f10x_pwr.o(.text)
    PWR_EnterSTANDBYMode                     0x08003603   Thumb Code    42  stm32f10x_pwr.o(.text)
    PWR_GetFlagStatus                        0x0800362d   Thumb Code    20  stm32f10x_pwr.o(.text)
    PWR_ClearFlag                            0x08003641   Thumb Code    14  stm32f10x_pwr.o(.text)
    RCC_DeInit                               0x0800365d   Thumb Code    64  stm32f10x_rcc.o(.text)
    RCC_HSEConfig                            0x0800369d   Thumb Code    70  stm32f10x_rcc.o(.text)
    RCC_GetFlagStatus                        0x080036e3   Thumb Code    56  stm32f10x_rcc.o(.text)
    RCC_WaitForHSEStartUp                    0x0800371b   Thumb Code    56  stm32f10x_rcc.o(.text)
    RCC_AdjustHSICalibrationValue            0x08003753   Thumb Code    20  stm32f10x_rcc.o(.text)
    RCC_HSICmd                               0x08003767   Thumb Code     6  stm32f10x_rcc.o(.text)
    RCC_PLLConfig                            0x0800376d   Thumb Code    24  stm32f10x_rcc.o(.text)
    RCC_PLLCmd                               0x08003785   Thumb Code     6  stm32f10x_rcc.o(.text)
    RCC_SYSCLKConfig                         0x0800378b   Thumb Code    18  stm32f10x_rcc.o(.text)
    RCC_GetSYSCLKSource                      0x0800379d   Thumb Code    10  stm32f10x_rcc.o(.text)
    RCC_HCLKConfig                           0x080037a7   Thumb Code    18  stm32f10x_rcc.o(.text)
    RCC_PCLK1Config                          0x080037b9   Thumb Code    18  stm32f10x_rcc.o(.text)
    RCC_PCLK2Config                          0x080037cb   Thumb Code    20  stm32f10x_rcc.o(.text)
    RCC_ITConfig                             0x080037df   Thumb Code    26  stm32f10x_rcc.o(.text)
    RCC_USBCLKConfig                         0x080037f9   Thumb Code     8  stm32f10x_rcc.o(.text)
    RCC_ADCCLKConfig                         0x08003801   Thumb Code    18  stm32f10x_rcc.o(.text)
    RCC_LSEConfig                            0x08003813   Thumb Code    50  stm32f10x_rcc.o(.text)
    RCC_LSICmd                               0x08003845   Thumb Code     6  stm32f10x_rcc.o(.text)
    RCC_RTCCLKConfig                         0x0800384b   Thumb Code    12  stm32f10x_rcc.o(.text)
    RCC_RTCCLKCmd                            0x08003857   Thumb Code     8  stm32f10x_rcc.o(.text)
    RCC_GetClocksFreq                        0x0800385f   Thumb Code   192  stm32f10x_rcc.o(.text)
    RCC_AHBPeriphClockCmd                    0x0800391f   Thumb Code    26  stm32f10x_rcc.o(.text)
    RCC_APB2PeriphClockCmd                   0x08003939   Thumb Code    26  stm32f10x_rcc.o(.text)
    RCC_APB1PeriphClockCmd                   0x08003953   Thumb Code    26  stm32f10x_rcc.o(.text)
    RCC_APB2PeriphResetCmd                   0x0800396d   Thumb Code    26  stm32f10x_rcc.o(.text)
    RCC_APB1PeriphResetCmd                   0x08003987   Thumb Code    26  stm32f10x_rcc.o(.text)
    RCC_BackupResetCmd                       0x080039a1   Thumb Code     8  stm32f10x_rcc.o(.text)
    RCC_ClockSecuritySystemCmd               0x080039a9   Thumb Code     6  stm32f10x_rcc.o(.text)
    RCC_MCOConfig                            0x080039af   Thumb Code     6  stm32f10x_rcc.o(.text)
    RCC_ClearFlag                            0x080039b5   Thumb Code    14  stm32f10x_rcc.o(.text)
    RCC_GetITStatus                          0x080039c3   Thumb Code    20  stm32f10x_rcc.o(.text)
    RCC_ClearITPendingBit                    0x080039d7   Thumb Code     6  stm32f10x_rcc.o(.text)
    SPI_I2S_DeInit                           0x08003a01   Thumb Code    76  stm32f10x_spi.o(.text)
    SPI_Init                                 0x08003a4d   Thumb Code    60  stm32f10x_spi.o(.text)
    I2S_Init                                 0x08003a89   Thumb Code   226  stm32f10x_spi.o(.text)
    SPI_StructInit                           0x08003b6b   Thumb Code    24  stm32f10x_spi.o(.text)
    I2S_StructInit                           0x08003b83   Thumb Code    20  stm32f10x_spi.o(.text)
    SPI_Cmd                                  0x08003b97   Thumb Code    24  stm32f10x_spi.o(.text)
    I2S_Cmd                                  0x08003baf   Thumb Code    24  stm32f10x_spi.o(.text)
    SPI_I2S_ITConfig                         0x08003bc7   Thumb Code    32  stm32f10x_spi.o(.text)
    SPI_I2S_DMACmd                           0x08003be7   Thumb Code    18  stm32f10x_spi.o(.text)
    SPI_I2S_SendData                         0x08003bf9   Thumb Code     4  stm32f10x_spi.o(.text)
    SPI_I2S_ReceiveData                      0x08003bfd   Thumb Code     6  stm32f10x_spi.o(.text)
    SPI_NSSInternalSoftwareConfig            0x08003c03   Thumb Code    30  stm32f10x_spi.o(.text)
    SPI_SSOutputCmd                          0x08003c21   Thumb Code    24  stm32f10x_spi.o(.text)
    SPI_DataSizeConfig                       0x08003c39   Thumb Code    18  stm32f10x_spi.o(.text)
    SPI_TransmitCRC                          0x08003c4b   Thumb Code    10  stm32f10x_spi.o(.text)
    SPI_CalculateCRC                         0x08003c55   Thumb Code    24  stm32f10x_spi.o(.text)
    SPI_GetCRC                               0x08003c6d   Thumb Code    16  stm32f10x_spi.o(.text)
    SPI_GetCRCPolynomial                     0x08003c7d   Thumb Code     6  stm32f10x_spi.o(.text)
    SPI_BiDirectionalLineConfig              0x08003c83   Thumb Code    28  stm32f10x_spi.o(.text)
    SPI_I2S_GetFlagStatus                    0x08003c9f   Thumb Code    18  stm32f10x_spi.o(.text)
    SPI_I2S_ClearFlag                        0x08003cb1   Thumb Code     6  stm32f10x_spi.o(.text)
    SPI_I2S_GetITStatus                      0x08003cb7   Thumb Code    52  stm32f10x_spi.o(.text)
    SPI_I2S_ClearITPendingBit                0x08003ceb   Thumb Code    20  stm32f10x_spi.o(.text)
    TIM_DeInit                               0x08003d0d   Thumb Code   424  stm32f10x_tim.o(.text)
    TIM_TimeBaseInit                         0x08003eb5   Thumb Code   122  stm32f10x_tim.o(.text)
    TIM_OC1Init                              0x08003f2f   Thumb Code   132  stm32f10x_tim.o(.text)
    TIM_OC2Init                              0x08003fb3   Thumb Code   154  stm32f10x_tim.o(.text)
    TIM_OC3Init                              0x0800404d   Thumb Code   150  stm32f10x_tim.o(.text)
    TIM_OC4Init                              0x080040e3   Thumb Code   182  stm32f10x_tim.o(.text)
    TIM_SetIC4Prescaler                      0x08004199   Thumb Code    26  stm32f10x_tim.o(.text)
    TIM_SetIC3Prescaler                      0x08004235   Thumb Code    18  stm32f10x_tim.o(.text)
    TIM_SetIC2Prescaler                      0x080042c1   Thumb Code    26  stm32f10x_tim.o(.text)
    TIM_SetIC1Prescaler                      0x0800435d   Thumb Code    18  stm32f10x_tim.o(.text)
    TIM_ICInit                               0x080043db   Thumb Code   150  stm32f10x_tim.o(.text)
    TIM_PWMIConfig                           0x08004471   Thumb Code   124  stm32f10x_tim.o(.text)
    TIM_BDTRConfig                           0x080044ed   Thumb Code    32  stm32f10x_tim.o(.text)
    TIM_TimeBaseStructInit                   0x0800450d   Thumb Code    18  stm32f10x_tim.o(.text)
    TIM_OCStructInit                         0x0800451f   Thumb Code    20  stm32f10x_tim.o(.text)
    TIM_ICStructInit                         0x08004533   Thumb Code    18  stm32f10x_tim.o(.text)
    TIM_BDTRStructInit                       0x08004545   Thumb Code    40  stm32f10x_tim.o(.text)
    TIM_Cmd                                  0x0800456d   Thumb Code    24  stm32f10x_tim.o(.text)
    TIM_CtrlPWMOutputs                       0x08004585   Thumb Code    30  stm32f10x_tim.o(.text)
    TIM_ITConfig                             0x080045a3   Thumb Code    18  stm32f10x_tim.o(.text)
    TIM_GenerateEvent                        0x080045b5   Thumb Code     4  stm32f10x_tim.o(.text)
    TIM_DMAConfig                            0x080045b9   Thumb Code    10  stm32f10x_tim.o(.text)
    TIM_DMACmd                               0x080045c3   Thumb Code    18  stm32f10x_tim.o(.text)
    TIM_InternalClockConfig                  0x080045d5   Thumb Code    12  stm32f10x_tim.o(.text)
    TIM_SelectInputTrigger                   0x080045e1   Thumb Code    18  stm32f10x_tim.o(.text)
    TIM_ITRxExternalClockConfig              0x080045f3   Thumb Code    24  stm32f10x_tim.o(.text)
    TIM_TIxExternalClockConfig               0x0800460b   Thumb Code    62  stm32f10x_tim.o(.text)
    TIM_ETRConfig                            0x08004649   Thumb Code    28  stm32f10x_tim.o(.text)
    TIM_ETRClockMode1Config                  0x08004665   Thumb Code    54  stm32f10x_tim.o(.text)
    TIM_ETRClockMode2Config                  0x0800469b   Thumb Code    32  stm32f10x_tim.o(.text)
    TIM_PrescalerConfig                      0x080046bb   Thumb Code     6  stm32f10x_tim.o(.text)
    TIM_CounterModeConfig                    0x080046c1   Thumb Code    18  stm32f10x_tim.o(.text)
    TIM_EncoderInterfaceConfig               0x080046d3   Thumb Code    66  stm32f10x_tim.o(.text)
    TIM_ForcedOC1Config                      0x08004715   Thumb Code    18  stm32f10x_tim.o(.text)
    TIM_ForcedOC2Config                      0x08004727   Thumb Code    26  stm32f10x_tim.o(.text)
    TIM_ForcedOC3Config                      0x08004741   Thumb Code    18  stm32f10x_tim.o(.text)
    TIM_ForcedOC4Config                      0x08004753   Thumb Code    26  stm32f10x_tim.o(.text)
    TIM_ARRPreloadConfig                     0x0800476d   Thumb Code    24  stm32f10x_tim.o(.text)
    TIM_SelectCOM                            0x08004785   Thumb Code    24  stm32f10x_tim.o(.text)
    TIM_SelectCCDMA                          0x0800479d   Thumb Code    24  stm32f10x_tim.o(.text)
    TIM_CCPreloadControl                     0x080047b5   Thumb Code    24  stm32f10x_tim.o(.text)
    TIM_OC1PreloadConfig                     0x080047cd   Thumb Code    18  stm32f10x_tim.o(.text)
    TIM_OC2PreloadConfig                     0x080047df   Thumb Code    26  stm32f10x_tim.o(.text)
    TIM_OC3PreloadConfig                     0x080047f9   Thumb Code    18  stm32f10x_tim.o(.text)
    TIM_OC4PreloadConfig                     0x0800480b   Thumb Code    26  stm32f10x_tim.o(.text)
    TIM_OC1FastConfig                        0x08004825   Thumb Code    18  stm32f10x_tim.o(.text)
    TIM_OC2FastConfig                        0x08004837   Thumb Code    26  stm32f10x_tim.o(.text)
    TIM_OC3FastConfig                        0x08004851   Thumb Code    18  stm32f10x_tim.o(.text)
    TIM_OC4FastConfig                        0x08004863   Thumb Code    26  stm32f10x_tim.o(.text)
    TIM_ClearOC1Ref                          0x0800487d   Thumb Code    18  stm32f10x_tim.o(.text)
    TIM_ClearOC2Ref                          0x0800488f   Thumb Code    24  stm32f10x_tim.o(.text)
    TIM_ClearOC3Ref                          0x080048a7   Thumb Code    18  stm32f10x_tim.o(.text)
    TIM_ClearOC4Ref                          0x080048b9   Thumb Code    24  stm32f10x_tim.o(.text)
    TIM_OC1PolarityConfig                    0x080048d1   Thumb Code    18  stm32f10x_tim.o(.text)
    TIM_OC1NPolarityConfig                   0x080048e3   Thumb Code    18  stm32f10x_tim.o(.text)
    TIM_OC2PolarityConfig                    0x080048f5   Thumb Code    26  stm32f10x_tim.o(.text)
    TIM_OC2NPolarityConfig                   0x0800490f   Thumb Code    26  stm32f10x_tim.o(.text)
    TIM_OC3PolarityConfig                    0x08004929   Thumb Code    26  stm32f10x_tim.o(.text)
    TIM_OC3NPolarityConfig                   0x08004943   Thumb Code    26  stm32f10x_tim.o(.text)
    TIM_OC4PolarityConfig                    0x0800495d   Thumb Code    26  stm32f10x_tim.o(.text)
    TIM_CCxCmd                               0x08004977   Thumb Code    30  stm32f10x_tim.o(.text)
    TIM_CCxNCmd                              0x08004995   Thumb Code    30  stm32f10x_tim.o(.text)
    TIM_SelectOCxM                           0x080049b3   Thumb Code    82  stm32f10x_tim.o(.text)
    TIM_UpdateDisableConfig                  0x08004a05   Thumb Code    24  stm32f10x_tim.o(.text)
    TIM_UpdateRequestConfig                  0x08004a1d   Thumb Code    24  stm32f10x_tim.o(.text)
    TIM_SelectHallSensor                     0x08004a35   Thumb Code    24  stm32f10x_tim.o(.text)
    TIM_SelectOnePulseMode                   0x08004a4d   Thumb Code    18  stm32f10x_tim.o(.text)
    TIM_SelectOutputTrigger                  0x08004a5f   Thumb Code    18  stm32f10x_tim.o(.text)
    TIM_SelectSlaveMode                      0x08004a71   Thumb Code    18  stm32f10x_tim.o(.text)
    TIM_SelectMasterSlaveMode                0x08004a83   Thumb Code    18  stm32f10x_tim.o(.text)
    TIM_SetCounter                           0x08004a95   Thumb Code     4  stm32f10x_tim.o(.text)
    TIM_SetAutoreload                        0x08004a99   Thumb Code     4  stm32f10x_tim.o(.text)
    TIM_SetCompare1                          0x08004a9d   Thumb Code     4  stm32f10x_tim.o(.text)
    TIM_SetCompare2                          0x08004aa1   Thumb Code     4  stm32f10x_tim.o(.text)
    TIM_SetCompare3                          0x08004aa5   Thumb Code     4  stm32f10x_tim.o(.text)
    TIM_SetCompare4                          0x08004aa9   Thumb Code     6  stm32f10x_tim.o(.text)
    TIM_SetClockDivision                     0x08004aaf   Thumb Code    18  stm32f10x_tim.o(.text)
    TIM_GetCapture1                          0x08004ac1   Thumb Code     6  stm32f10x_tim.o(.text)
    TIM_GetCapture2                          0x08004ac7   Thumb Code     6  stm32f10x_tim.o(.text)
    TIM_GetCapture3                          0x08004acd   Thumb Code     6  stm32f10x_tim.o(.text)
    TIM_GetCapture4                          0x08004ad3   Thumb Code     8  stm32f10x_tim.o(.text)
    TIM_GetCounter                           0x08004adb   Thumb Code     6  stm32f10x_tim.o(.text)
    TIM_GetPrescaler                         0x08004ae1   Thumb Code     6  stm32f10x_tim.o(.text)
    TIM_GetFlagStatus                        0x08004ae7   Thumb Code    18  stm32f10x_tim.o(.text)
    TIM_ClearFlag                            0x08004af9   Thumb Code     6  stm32f10x_tim.o(.text)
    TIM_GetITStatus                          0x08004aff   Thumb Code    34  stm32f10x_tim.o(.text)
    TIM_ClearITPendingBit                    0x08004b21   Thumb Code     6  stm32f10x_tim.o(.text)
    USART_DeInit                             0x08004b29   Thumb Code   134  stm32f10x_usart.o(.text)
    USART_Init                               0x08004baf   Thumb Code   210  stm32f10x_usart.o(.text)
    USART_StructInit                         0x08004c81   Thumb Code    24  stm32f10x_usart.o(.text)
    USART_ClockInit                          0x08004c99   Thumb Code    34  stm32f10x_usart.o(.text)
    USART_ClockStructInit                    0x08004cbb   Thumb Code    12  stm32f10x_usart.o(.text)
    USART_Cmd                                0x08004cc7   Thumb Code    24  stm32f10x_usart.o(.text)
    USART_ITConfig                           0x08004cdf   Thumb Code    74  stm32f10x_usart.o(.text)
    USART_DMACmd                             0x08004d29   Thumb Code    18  stm32f10x_usart.o(.text)
    USART_SetAddress                         0x08004d3b   Thumb Code    18  stm32f10x_usart.o(.text)
    USART_WakeUpConfig                       0x08004d4d   Thumb Code    18  stm32f10x_usart.o(.text)
    USART_ReceiverWakeUpCmd                  0x08004d5f   Thumb Code    24  stm32f10x_usart.o(.text)
    USART_LINBreakDetectLengthConfig         0x08004d77   Thumb Code    18  stm32f10x_usart.o(.text)
    USART_LINCmd                             0x08004d89   Thumb Code    24  stm32f10x_usart.o(.text)
    USART_SendData                           0x08004da1   Thumb Code     8  stm32f10x_usart.o(.text)
    USART_ReceiveData                        0x08004da9   Thumb Code    10  stm32f10x_usart.o(.text)
    USART_SendBreak                          0x08004db3   Thumb Code    10  stm32f10x_usart.o(.text)
    USART_SetGuardTime                       0x08004dbd   Thumb Code    16  stm32f10x_usart.o(.text)
    USART_SetPrescaler                       0x08004dcd   Thumb Code    16  stm32f10x_usart.o(.text)
    USART_SmartCardCmd                       0x08004ddd   Thumb Code    24  stm32f10x_usart.o(.text)
    USART_SmartCardNACKCmd                   0x08004df5   Thumb Code    24  stm32f10x_usart.o(.text)
    USART_HalfDuplexCmd                      0x08004e0d   Thumb Code    24  stm32f10x_usart.o(.text)
    USART_OverSampling8Cmd                   0x08004e25   Thumb Code    22  stm32f10x_usart.o(.text)
    USART_OneBitMethodCmd                    0x08004e3b   Thumb Code    24  stm32f10x_usart.o(.text)
    USART_IrDAConfig                         0x08004e53   Thumb Code    18  stm32f10x_usart.o(.text)
    USART_IrDACmd                            0x08004e65   Thumb Code    24  stm32f10x_usart.o(.text)
    USART_GetFlagStatus                      0x08004e7d   Thumb Code    26  stm32f10x_usart.o(.text)
    USART_ClearFlag                          0x08004e97   Thumb Code    18  stm32f10x_usart.o(.text)
    USART_GetITStatus                        0x08004ea9   Thumb Code    84  stm32f10x_usart.o(.text)
    USART_ClearITPendingBit                  0x08004efd   Thumb Code    52  stm32f10x_usart.o(.text)
    WWDG_DeInit                              0x08004f31   Thumb Code    22  stm32f10x_wwdg.o(.text)
    WWDG_SetPrescaler                        0x08004f47   Thumb Code    18  stm32f10x_wwdg.o(.text)
    WWDG_SetWindowValue                      0x08004f59   Thumb Code    34  stm32f10x_wwdg.o(.text)
    WWDG_EnableIT                            0x08004f7b   Thumb Code     8  stm32f10x_wwdg.o(.text)
    WWDG_SetCounter                          0x08004f83   Thumb Code    12  stm32f10x_wwdg.o(.text)
    WWDG_Enable                              0x08004f8f   Thumb Code    12  stm32f10x_wwdg.o(.text)
    WWDG_GetFlagStatus                       0x08004f9b   Thumb Code    10  stm32f10x_wwdg.o(.text)
    WWDG_ClearFlag                           0x08004fa5   Thumb Code    10  stm32f10x_wwdg.o(.text)
    char_upper                               0x08004fb9   Thumb Code    26  exfuns.o(.text)
    f_typetell                               0x08004fd3   Thumb Code   188  exfuns.o(.text)
    clust2sect                               0x08005239   Thumb Code    26  ff.o(.text)
    get_fat                                  0x08005253   Thumb Code   228  ff.o(.text)
    put_fat                                  0x08005337   Thumb Code   310  ff.o(.text)
    gen_numname                              0x080058f7   Thumb Code   190  ff.o(.text)
    f_mount                                  0x08006657   Thumb Code    62  ff.o(.text)
    f_open                                   0x08006695   Thumb Code   370  ff.o(.text)
    f_read                                   0x08006807   Thumb Code   476  ff.o(.text)
    f_write                                  0x080069e3   Thumb Code   548  ff.o(.text)
    f_sync                                   0x08006c07   Thumb Code   184  ff.o(.text)
    f_close                                  0x08006cbf   Thumb Code    22  ff.o(.text)
    f_chdrive                                0x08006cd5   Thumb Code    18  ff.o(.text)
    f_chdir                                  0x08006ce7   Thumb Code   104  ff.o(.text)
    f_lseek                                  0x08006d4f   Thumb Code   734  ff.o(.text)
    f_opendir                                0x0800702d   Thumb Code   114  ff.o(.text)
    f_readdir                                0x0800709f   Thumb Code   102  ff.o(.text)
    f_stat                                   0x08007105   Thumb Code    62  ff.o(.text)
    f_getfree                                0x08007143   Thumb Code   276  ff.o(.text)
    f_truncate                               0x08007257   Thumb Code   156  ff.o(.text)
    f_unlink                                 0x080072f3   Thumb Code   202  ff.o(.text)
    f_mkdir                                  0x080073bd   Thumb Code   406  ff.o(.text)
    f_chmod                                  0x08007553   Thumb Code   100  ff.o(.text)
    f_utime                                  0x080075b7   Thumb Code   102  ff.o(.text)
    f_rename                                 0x0800761d   Thumb Code   306  ff.o(.text)
    f_mkfs                                   0x0800774f   Thumb Code  1524  ff.o(.text)
    f_gets                                   0x08007d43   Thumb Code    78  ff.o(.text)
    f_putc                                   0x08007d91   Thumb Code    38  ff.o(.text)
    f_puts                                   0x08007db7   Thumb Code    98  ff.o(.text)
    f_printf                                 0x08007e19   Thumb Code   686  ff.o(.text)
    disk_initialize                          0x080080c9   Thumb Code    60  diskio.o(.text)
    disk_status                              0x08008105   Thumb Code     6  diskio.o(.text)
    disk_read                                0x0800810b   Thumb Code   102  diskio.o(.text)
    disk_write                               0x08008171   Thumb Code   102  diskio.o(.text)
    disk_ioctl                               0x080081d7   Thumb Code   154  diskio.o(.text)
    get_fattime                              0x08008271   Thumb Code     4  diskio.o(.text)
    ff_convert                               0x08008279   Thumb Code   140  mycc936.o(.text)
    ff_wtoupper                              0x08008305   Thumb Code    46  mycc936.o(.text)
    Get_HzMat                                0x08008341   Thumb Code   146  text.o(.text)
    Show_Font                                0x080083d3   Thumb Code   244  text.o(.text)
    Show_Str                                 0x080084c7   Thumb Code   188  text.o(.text)
    my_strlen                                0x08008583   Thumb Code    20  text.o(.text)
    my_stradd                                0x08008597   Thumb Code    30  text.o(.text)
    Show_Str_Mid                             0x080085b5   Thumb Code    94  text.o(.text)
    AI_Drow_Init                             0x08008625   Thumb Code   262  picdecoder.o(.text)
    StoreBuffer                              0x0800872b   Thumb Code   514  picdecoder.o(.text)
    GetYUV                                   0x0800892d   Thumb Code   320  picdecoder.o(.text)
    idctcol                                  0x08008a6d   Thumb Code   534  picdecoder.o(.text)
    idctrow                                  0x08008c83   Thumb Code   386  picdecoder.o(.text)
    Fast_IDCT                                0x08008e05   Thumb Code    46  picdecoder.o(.text)
    IQtIZzBlock                              0x08008e33   Thumb Code   178  picdecoder.o(.text)
    IQtIZzMCUComponent                       0x08008ee5   Thumb Code   192  picdecoder.o(.text)
    jpg_seek                                 0x08008fa5   Thumb Code    62  picdecoder.o(.text)
    ReadByte                                 0x08008fe3   Thumb Code    52  picdecoder.o(.text)
    DecodeElement                            0x08009017   Thumb Code   690  picdecoder.o(.text)
    HufBlock                                 0x080092c9   Thumb Code   160  picdecoder.o(.text)
    DecodeMCUBlock                           0x08009369   Thumb Code   446  picdecoder.o(.text)
    Initialize_Fast_IDCT                     0x08009527   Thumb Code    58  picdecoder.o(.text)
    Decode                                   0x08009561   Thumb Code   480  picdecoder.o(.text)
    InitTag                                  0x08009741   Thumb Code  1916  picdecoder.o(.text)
    InitTable                                0x08009ebd   Thumb Code   386  picdecoder.o(.text)
    BmpDecode                                0x0800a03f   Thumb Code   628  picdecoder.o(.text)
    AI_LoadPicFile                           0x0800a2b3   Thumb Code   334  picdecoder.o(.text)
    __use_no_semihosting                     0x0800a401   Thumb Code     2  use_no_semi_2.o(.text)
    strcpy                                   0x0800a403   Thumb Code    72  strcpy.o(.text)
    strcat                                   0x0800a44b   Thumb Code    24  strcat.o(.text)
    __aeabi_memcpy4                          0x0800a463   Thumb Code     0  rt_memcpy_w.o(.text)
    __aeabi_memcpy8                          0x0800a463   Thumb Code     0  rt_memcpy_w.o(.text)
    __rt_memcpy_w                            0x0800a463   Thumb Code   100  rt_memcpy_w.o(.text)
    _memcpy_lastbytes_aligned                0x0800a4ab   Thumb Code     0  rt_memcpy_w.o(.text)
    strcmp                                   0x0800a4c9   Thumb Code   128  strcmpv7m.o(.text)
    __use_two_region_memory                  0x0800a549   Thumb Code     2  heapauxi.o(.text)
    __rt_heap_escrow$2region                 0x0800a54b   Thumb Code     2  heapauxi.o(.text)
    __rt_heap_expand$2region                 0x0800a54d   Thumb Code     2  heapauxi.o(.text)
    __I$use$semihosting                      0x0800a54f   Thumb Code     0  use_no_semi.o(.text)
    __use_no_semihosting_swi                 0x0800a54f   Thumb Code     2  use_no_semi.o(.text)
    __read_errno                             0x0800a551   Thumb Code    10  _rserrno.o(.text)
    __set_errno                              0x0800a55b   Thumb Code    12  _rserrno.o(.text)
    __aeabi_errno_addr                       0x0800a569   Thumb Code     8  rt_errno_addr_intlibspace.o(.text)
    __errno$intlibspace                      0x0800a569   Thumb Code     0  rt_errno_addr_intlibspace.o(.text)
    __rt_errno_addr$intlibspace              0x0800a569   Thumb Code     0  rt_errno_addr_intlibspace.o(.text)
    __user_libspace                          0x0800a571   Thumb Code     8  libspace.o(.text)
    __user_perproc_libspace                  0x0800a571   Thumb Code     0  libspace.o(.text)
    __user_perthread_libspace                0x0800a571   Thumb Code     0  libspace.o(.text)
    __user_setup_stackheap                   0x0800a579   Thumb Code    74  sys_stackheap_outer.o(.text)
    exit                                     0x0800a5c3   Thumb Code    12  exit.o(.text)
    IsElementOk                              0x0800a5d1   Thumb Code    36  picdecoder.o(i.IsElementOk)
    sqrt                                     0x0800a5f9   Thumb Code    76  sqrt.o(i.sqrt)
    __fpl_dcmp_Inf                           0x0800a645   Thumb Code    24  dcmpi.o(x$fpl$dcmpinf)
    __aeabi_d2uiz                            0x0800a65d   Thumb Code     0  dfixu.o(x$fpl$dfixu)
    _dfixu                                   0x0800a65d   Thumb Code    90  dfixu.o(x$fpl$dfixu)
    __aeabi_ui2d                             0x0800a6b7   Thumb Code     0  dflt_clz.o(x$fpl$dfltu)
    _dfltu                                   0x0800a6b7   Thumb Code    38  dflt_clz.o(x$fpl$dfltu)
    __aeabi_cdcmple                          0x0800a6dd   Thumb Code     0  dleqf.o(x$fpl$dleqf)
    _dcmple                                  0x0800a6dd   Thumb Code   120  dleqf.o(x$fpl$dleqf)
    __fpl_dcmple_InfNaN                      0x0800a73f   Thumb Code     0  dleqf.o(x$fpl$dleqf)
    __fpl_dnaninf                            0x0800a755   Thumb Code   156  dnaninf.o(x$fpl$dnaninf)
    __fpl_dretinf                            0x0800a7f1   Thumb Code    12  dretinf.o(x$fpl$dretinf)
    __aeabi_cdrcmple                         0x0800a7fd   Thumb Code     0  drleqf.o(x$fpl$drleqf)
    _drcmple                                 0x0800a7fd   Thumb Code   108  drleqf.o(x$fpl$drleqf)
    _dsqrt                                   0x0800a869   Thumb Code   456  dsqrt_noumaal.o(x$fpl$dsqrt)
    __aeabi_f2d                              0x0800aa35   Thumb Code     0  f2d.o(x$fpl$f2d)
    _f2d                                     0x0800aa35   Thumb Code    86  f2d.o(x$fpl$f2d)
    __aeabi_fadd                             0x0800aa8d   Thumb Code     0  faddsub_clz.o(x$fpl$fadd)
    _fadd                                    0x0800aa8d   Thumb Code   196  faddsub_clz.o(x$fpl$fadd)
    __fpl_fcmp_Inf                           0x0800ab51   Thumb Code    24  fcmpi.o(x$fpl$fcmpinf)
    __aeabi_fdiv                             0x0800ab69   Thumb Code     0  fdiv.o(x$fpl$fdiv)
    _fdiv                                    0x0800ab69   Thumb Code   384  fdiv.o(x$fpl$fdiv)
    __aeabi_f2iz                             0x0800aced   Thumb Code     0  ffix.o(x$fpl$ffix)
    _ffix                                    0x0800aced   Thumb Code    54  ffix.o(x$fpl$ffix)
    __aeabi_f2uiz                            0x0800ad25   Thumb Code     0  ffixu.o(x$fpl$ffixu)
    _ffixu                                   0x0800ad25   Thumb Code    62  ffixu.o(x$fpl$ffixu)
    __aeabi_i2f                              0x0800ad65   Thumb Code     0  fflt_clz.o(x$fpl$fflt)
    _fflt                                    0x0800ad65   Thumb Code    48  fflt_clz.o(x$fpl$fflt)
    __aeabi_ui2f                             0x0800ad95   Thumb Code     0  fflt_clz.o(x$fpl$ffltu)
    _ffltu                                   0x0800ad95   Thumb Code    38  fflt_clz.o(x$fpl$ffltu)
    __aeabi_cfcmple                          0x0800adbd   Thumb Code     0  fleqf.o(x$fpl$fleqf)
    _fcmple                                  0x0800adbd   Thumb Code   104  fleqf.o(x$fpl$fleqf)
    __fpl_fcmple_InfNaN                      0x0800ae0f   Thumb Code     0  fleqf.o(x$fpl$fleqf)
    __aeabi_fmul                             0x0800ae25   Thumb Code     0  fmul.o(x$fpl$fmul)
    _fmul                                    0x0800ae25   Thumb Code   258  fmul.o(x$fpl$fmul)
    __fpl_fnaninf                            0x0800af27   Thumb Code   140  fnaninf.o(x$fpl$fnaninf)
    __fpl_fretinf                            0x0800afb3   Thumb Code    10  fretinf.o(x$fpl$fretinf)
    __aeabi_cfrcmple                         0x0800afbd   Thumb Code     0  frleqf.o(x$fpl$frleqf)
    _frcmple                                 0x0800afbd   Thumb Code    98  frleqf.o(x$fpl$frleqf)
    __aeabi_frsub                            0x0800b01f   Thumb Code     0  faddsub_clz.o(x$fpl$frsb)
    _frsb                                    0x0800b01f   Thumb Code    20  faddsub_clz.o(x$fpl$frsb)
    __aeabi_fsub                             0x0800b035   Thumb Code     0  faddsub_clz.o(x$fpl$fsub)
    _fsub                                    0x0800b035   Thumb Code   234  faddsub_clz.o(x$fpl$fsub)
    __I$use$fp                               0x0800b11e   Number         0  usenofp.o(x$fpl$usenofp)
    asc2_1206                                0x0800b11e   Data        1140  lcd.o(.constdata)
    asc2_1608                                0x0800b592   Data        1520  lcd.o(.constdata)
    Zig_Zag                                  0x0800bf7c   Data         256  picdecoder.o(.constdata)
    And                                      0x0800c07c   Data           9  picdecoder.o(.constdata)
    Region$$Table$$Base                      0x0800c124   Number         0  anon$$obj.o(Region$$Table)
    Region$$Table$$Limit                     0x0800c144   Number         0  anon$$obj.o(Region$$Table)
    SystemCoreClock                          0x20000000   Data           4  system_stm32f10x.o(.data)
    AHBPrescTable                            0x20000004   Data          16  system_stm32f10x.o(.data)
    POINT_COLOR                              0x20000016   Data           2  lcd.o(.data)
    BACK_COLOR                               0x20000018   Data           2  lcd.o(.data)
    DeviceCode                               0x2000001a   Data           2  lcd.o(.data)
    CMD_RDX                                  0x2000001c   Data           1  touch.o(.data)
    CMD_RDY                                  0x2000001d   Data           1  touch.o(.data)
    SD_Type                                  0x2000001e   Data           1  mmc_sd.o(.data)
    __stdout                                 0x20000024   Data           4  usart.o(.data)
    USART_RX_STA                             0x20000028   Data           1  usart.o(.data)
    FILE_TYPE_TBL                            0x20000040   Data         312  exfuns.o(.data)
    br                                       0x20000178   Data           4  exfuns.o(.data)
    bw                                       0x2000017c   Data           4  exfuns.o(.data)
    ftinfo                                   0x2000018c   Data          16  fontupd.o(.data)
    GBK16_SDPATH                             0x2000019c   Data           4  fontupd.o(.data)
    UNIGBK_SDPATH                            0x200001a0   Data           4  fontupd.o(.data)
    SampRate_Y_H                             0x200001a4   Data           2  picdecoder.o(.data)
    SampRate_Y_V                             0x200001a6   Data           2  picdecoder.o(.data)
    SampRate_U_H                             0x200001a8   Data           2  picdecoder.o(.data)
    SampRate_U_V                             0x200001aa   Data           2  picdecoder.o(.data)
    SampRate_V_H                             0x200001ac   Data           2  picdecoder.o(.data)
    SampRate_V_V                             0x200001ae   Data           2  picdecoder.o(.data)
    H_YtoU                                   0x200001b0   Data           2  picdecoder.o(.data)
    V_YtoU                                   0x200001b2   Data           2  picdecoder.o(.data)
    H_YtoV                                   0x200001b4   Data           2  picdecoder.o(.data)
    V_YtoV                                   0x200001b6   Data           2  picdecoder.o(.data)
    Y_in_MCU                                 0x200001b8   Data           2  picdecoder.o(.data)
    U_in_MCU                                 0x200001ba   Data           2  picdecoder.o(.data)
    V_in_MCU                                 0x200001bc   Data           2  picdecoder.o(.data)
    lp                                       0x200001c0   Data           4  picdecoder.o(.data)
    comp_num                                 0x200001c4   Data           2  picdecoder.o(.data)
    comp_index                               0x200001c6   Data           3  picdecoder.o(.data)
    YDcIndex                                 0x200001c9   Data           1  picdecoder.o(.data)
    YAcIndex                                 0x200001ca   Data           1  picdecoder.o(.data)
    UVDcIndex                                0x200001cb   Data           1  picdecoder.o(.data)
    UVAcIndex                                0x200001cc   Data           1  picdecoder.o(.data)
    HufTabIndex                              0x200001cd   Data           1  picdecoder.o(.data)
    YQtTable                                 0x200001d0   Data           4  picdecoder.o(.data)
    UQtTable                                 0x200001d4   Data           4  picdecoder.o(.data)
    VQtTable                                 0x200001d8   Data           4  picdecoder.o(.data)
    BitPos                                   0x200001dc   Data           2  picdecoder.o(.data)
    CurByte                                  0x200001de   Data           2  picdecoder.o(.data)
    rrun                                     0x200001e0   Data           2  picdecoder.o(.data)
    vvalue                                   0x200001e2   Data           2  picdecoder.o(.data)
    ycoef                                    0x200001e4   Data           2  picdecoder.o(.data)
    ucoef                                    0x200001e6   Data           2  picdecoder.o(.data)
    vcoef                                    0x200001e8   Data           2  picdecoder.o(.data)
    IntervalFlag                             0x200001ec   Data           4  picdecoder.o(.data)
    interval                                 0x200001f0   Data           2  picdecoder.o(.data)
    sizei                                    0x200001f4   Data           4  picdecoder.o(.data)
    sizej                                    0x200001f8   Data           4  picdecoder.o(.data)
    restart                                  0x200001fc   Data           2  picdecoder.o(.data)
    iclp                                     0x20000200   Data           4  picdecoder.o(.data)
    iclip                                    0x20000204   Data           4  picdecoder.o(.data)
    f_jpeg                                   0x20000208   Data           4  picdecoder.o(.data)
    lcddev                                   0x2000030c   Data          14  lcd.o(.bss)
    SPI_InitStructure                        0x2000031a   Data          18  spi.o(.bss)
    SPI_FLASH_BUF                            0x2000032c   Data        4096  flash.o(.bss)
    Pen_Point                                0x2000132c   Data          28  touch.o(.bss)
    USART_RX_BUF                             0x20001348   Data          64  usart.o(.bss)
    PICINFO                                  0x20001588   Data          36  picdecoder.o(.bss)
    qt_table                                 0x200015ac   Data         384  picdecoder.o(.bss)
    code_pos_table                           0x2000172c   Data         128  picdecoder.o(.bss)
    code_len_table                           0x200017ac   Data         128  picdecoder.o(.bss)
    code_value_table                         0x2000182c   Data        2048  picdecoder.o(.bss)
    huf_max_value                            0x2000202c   Data         128  picdecoder.o(.bss)
    huf_min_value                            0x200020ac   Data         128  picdecoder.o(.bss)
    MCUBuffer                                0x2000212c   Data        1280  picdecoder.o(.bss)
    QtZzMCUBuffer                            0x2000262c   Data        1280  picdecoder.o(.bss)
    BlockBuffer                              0x20002b2c   Data         128  picdecoder.o(.bss)
    Y                                        0x20002bac   Data         512  picdecoder.o(.bss)
    U                                        0x20002dac   Data         512  picdecoder.o(.bss)
    V                                        0x20002fac   Data         512  picdecoder.o(.bss)
    jpg_buffer                               0x200031ac   Data        1024  picdecoder.o(.bss)
    f_bfile                                  0x200035ac   Data         552  picdecoder.o(.bss)
    f_jtemp                                  0x200037d4   Data         552  picdecoder.o(.bss)
    __libspace_start                         0x200039fc   Data          96  libspace.o(.bss)
    __temporary_stack_top$libspace           0x20003a5c   Data           0  libspace.o(.bss)



==============================================================================

Memory Map of the image

  Image Entry point : 0x080000ed

  Load Region LR_IROM1 (Base: 0x08000000, Size: 0x0000c350, Max: 0x00020000, ABSOLUTE, COMPRESSED[0x0000c1cc])

    Execution Region ER_IROM1 (Base: 0x08000000, Size: 0x0000c144, Max: 0x00020000, ABSOLUTE)

    Base Addr    Size         Type   Attr      Idx    E Section Name        Object

    0x08000000   0x000000ec   Data   RO          543    RESET               startup_stm32f10x_md.o
    0x080000ec   0x00000008   Code   RO          975  * !!!main             c_w.l(__main.o)
    0x080000f4   0x00000034   Code   RO         1207    !!!scatter          c_w.l(__scatter.o)
    0x08000128   0x0000005a   Code   RO         1205    !!dczerorl2         c_w.l(__dczerorl2.o)
    0x08000182   0x00000002   PAD
    0x08000184   0x0000001c   Code   RO         1209    !!handler_zi        c_w.l(__scatter_zi.o)
    0x080001a0   0x00000002   Code   RO         1085    .ARM.Collect$$libinit$$00000000  c_w.l(libinit.o)
    0x080001a2   0x00000000   Code   RO         1089    .ARM.Collect$$libinit$$00000002  c_w.l(libinit2.o)
    0x080001a2   0x00000000   Code   RO         1092    .ARM.Collect$$libinit$$00000008  c_w.l(libinit2.o)
    0x080001a2   0x00000000   Code   RO         1094    .ARM.Collect$$libinit$$0000000A  c_w.l(libinit2.o)
    0x080001a2   0x00000000   Code   RO         1096    .ARM.Collect$$libinit$$0000000C  c_w.l(libinit2.o)
    0x080001a2   0x00000000   Code   RO         1099    .ARM.Collect$$libinit$$0000000F  c_w.l(libinit2.o)
    0x080001a2   0x00000000   Code   RO         1101    .ARM.Collect$$libinit$$00000011  c_w.l(libinit2.o)
    0x080001a2   0x00000000   Code   RO         1103    .ARM.Collect$$libinit$$00000013  c_w.l(libinit2.o)
    0x080001a2   0x00000000   Code   RO         1105    .ARM.Collect$$libinit$$00000015  c_w.l(libinit2.o)
    0x080001a2   0x00000000   Code   RO         1107    .ARM.Collect$$libinit$$00000017  c_w.l(libinit2.o)
    0x080001a2   0x00000000   Code   RO         1109    .ARM.Collect$$libinit$$00000019  c_w.l(libinit2.o)
    0x080001a2   0x00000000   Code   RO         1111    .ARM.Collect$$libinit$$0000001B  c_w.l(libinit2.o)
    0x080001a2   0x00000000   Code   RO         1113    .ARM.Collect$$libinit$$0000001D  c_w.l(libinit2.o)
    0x080001a2   0x00000000   Code   RO         1115    .ARM.Collect$$libinit$$0000001F  c_w.l(libinit2.o)
    0x080001a2   0x00000000   Code   RO         1117    .ARM.Collect$$libinit$$00000021  c_w.l(libinit2.o)
    0x080001a2   0x00000000   Code   RO         1119    .ARM.Collect$$libinit$$00000023  c_w.l(libinit2.o)
    0x080001a2   0x00000000   Code   RO         1123    .ARM.Collect$$libinit$$0000002A  c_w.l(libinit2.o)
    0x080001a2   0x00000000   Code   RO         1125    .ARM.Collect$$libinit$$0000002C  c_w.l(libinit2.o)
    0x080001a2   0x00000000   Code   RO         1127    .ARM.Collect$$libinit$$0000002E  c_w.l(libinit2.o)
    0x080001a2   0x00000000   Code   RO         1129    .ARM.Collect$$libinit$$00000030  c_w.l(libinit2.o)
    0x080001a2   0x00000002   Code   RO         1130    .ARM.Collect$$libinit$$00000031  c_w.l(libinit2.o)
    0x080001a4   0x00000002   Code   RO         1148    .ARM.Collect$$libshutdown$$00000000  c_w.l(libshutdown.o)
    0x080001a6   0x00000000   Code   RO         1159    .ARM.Collect$$libshutdown$$00000003  c_w.l(libshutdown2.o)
    0x080001a6   0x00000000   Code   RO         1162    .ARM.Collect$$libshutdown$$00000006  c_w.l(libshutdown2.o)
    0x080001a6   0x00000000   Code   RO         1165    .ARM.Collect$$libshutdown$$00000009  c_w.l(libshutdown2.o)
    0x080001a6   0x00000000   Code   RO         1167    .ARM.Collect$$libshutdown$$0000000B  c_w.l(libshutdown2.o)
    0x080001a6   0x00000000   Code   RO         1170    .ARM.Collect$$libshutdown$$0000000E  c_w.l(libshutdown2.o)
    0x080001a6   0x00000002   Code   RO         1171    .ARM.Collect$$libshutdown$$0000000F  c_w.l(libshutdown2.o)
    0x080001a8   0x00000000   Code   RO         1035    .ARM.Collect$$rtentry$$00000000  c_w.l(rtentry.o)
    0x080001a8   0x00000000   Code   RO         1054    .ARM.Collect$$rtentry$$00000002  c_w.l(rtentry2.o)
    0x080001a8   0x00000006   Code   RO         1066    .ARM.Collect$$rtentry$$00000004  c_w.l(rtentry4.o)
    0x080001ae   0x00000000   Code   RO         1056    .ARM.Collect$$rtentry$$00000009  c_w.l(rtentry2.o)
    0x080001ae   0x00000004   Code   RO         1057    .ARM.Collect$$rtentry$$0000000A  c_w.l(rtentry2.o)
    0x080001b2   0x00000000   Code   RO         1059    .ARM.Collect$$rtentry$$0000000C  c_w.l(rtentry2.o)
    0x080001b2   0x00000008   Code   RO         1060    .ARM.Collect$$rtentry$$0000000D  c_w.l(rtentry2.o)
    0x080001ba   0x00000002   Code   RO         1086    .ARM.Collect$$rtexit$$00000000  c_w.l(rtexit.o)
    0x080001bc   0x00000000   Code   RO         1132    .ARM.Collect$$rtexit$$00000002  c_w.l(rtexit2.o)
    0x080001bc   0x00000004   Code   RO         1133    .ARM.Collect$$rtexit$$00000003  c_w.l(rtexit2.o)
    0x080001c0   0x00000006   Code   RO         1134    .ARM.Collect$$rtexit$$00000004  c_w.l(rtexit2.o)
    0x080001c6   0x00000002   PAD
    0x080001c8   0x00000204   Code   RO            1    .text               main.o
    0x080003cc   0x0000001a   Code   RO          176    .text               stm32f10x_it.o
    0x080003e6   0x00000002   PAD
    0x080003e8   0x000001e0   Code   RO          217    .text               system_stm32f10x.o
    0x080005c8   0x00000064   Code   RO          235    .text               led.o
    0x0800062c   0x000000e8   Code   RO          247    .text               key.o
    0x08000714   0x000000a8   Code   RO          260    .text               wdg.o
    0x080007bc   0x00000090   Code   RO          278    .text               timer.o
    0x0800084c   0x00000868   Code   RO          308    .text               lcd.o
    0x080010b4   0x00000100   Code   RO          338    .text               wkup.o
    0x080011b4   0x00000258   Code   RO          383    .text               myiic.o
    0x0800140c   0x0000017a   Code   RO          395    .text               24cxx.o
    0x08001586   0x00000002   PAD
    0x08001588   0x000000e0   Code   RO          407    .text               spi.o
    0x08001668   0x00000328   Code   RO          422    .text               flash.o
    0x08001990   0x00000ec4   Code   RO          440    .text               touch.o
    0x08002854   0x00000570   Code   RO          463    .text               mmc_sd.o
    0x08002dc4   0x000000ac   Code   RO          481    .text               delay.o
    0x08002e70   0x0000000c   Code   RO          495    .text               sys.o
    0x08002e7c   0x00000140   Code   RO          507    .text               usart.o
    0x08002fbc   0x00000040   Code   RO          544    .text               startup_stm32f10x_md.o
    0x08002ffc   0x000000dc   Code   RO          548    .text               misc.o
    0x080030d8   0x0000011c   Code   RO          656    .text               stm32f10x_exti.o
    0x080031f4   0x0000035c   Code   RO          692    .text               stm32f10x_gpio.o
    0x08003550   0x00000040   Code   RO          716    .text               stm32f10x_iwdg.o
    0x08003590   0x000000cc   Code   RO          728    .text               stm32f10x_pwr.o
    0x0800365c   0x000003a4   Code   RO          740    .text               stm32f10x_rcc.o
    0x08003a00   0x0000030c   Code   RO          778    .text               stm32f10x_spi.o
    0x08003d0c   0x00000e1a   Code   RO          790    .text               stm32f10x_tim.o
    0x08004b26   0x00000002   PAD
    0x08004b28   0x00000408   Code   RO          802    .text               stm32f10x_usart.o
    0x08004f30   0x00000088   Code   RO          814    .text               stm32f10x_wwdg.o
    0x08004fb8   0x000000dc   Code   RO          826    .text               exfuns.o
    0x08005094   0x00003032   Code   RO          855    .text               ff.o
    0x080080c6   0x00000002   PAD
    0x080080c8   0x000001b0   Code   RO          874    .text               diskio.o
    0x08008278   0x000000c8   Code   RO          886    .text               mycc936.o
    0x08008340   0x000002e4   Code   RO          919    .text               text.o
    0x08008624   0x00001ddc   Code   RO          931    .text               picdecoder.o
    0x0800a400   0x00000002   Code   RO          963    .text               c_w.l(use_no_semi_2.o)
    0x0800a402   0x00000048   Code   RO          965    .text               c_w.l(strcpy.o)
    0x0800a44a   0x00000018   Code   RO          967    .text               c_w.l(strcat.o)
    0x0800a462   0x00000064   Code   RO          969    .text               c_w.l(rt_memcpy_w.o)
    0x0800a4c6   0x00000002   PAD
    0x0800a4c8   0x00000080   Code   RO          971    .text               c_w.l(strcmpv7m.o)
    0x0800a548   0x00000006   Code   RO          973    .text               c_w.l(heapauxi.o)
    0x0800a54e   0x00000002   Code   RO         1033    .text               c_w.l(use_no_semi.o)
    0x0800a550   0x00000016   Code   RO         1036    .text               c_w.l(_rserrno.o)
    0x0800a566   0x00000002   PAD
    0x0800a568   0x00000008   Code   RO         1071    .text               c_w.l(rt_errno_addr_intlibspace.o)
    0x0800a570   0x00000008   Code   RO         1073    .text               c_w.l(libspace.o)
    0x0800a578   0x0000004a   Code   RO         1076    .text               c_w.l(sys_stackheap_outer.o)
    0x0800a5c2   0x0000000c   Code   RO         1078    .text               c_w.l(exit.o)
    0x0800a5ce   0x00000002   PAD
    0x0800a5d0   0x00000028   Code   RO          945    i.IsElementOk       picdecoder.o
    0x0800a5f8   0x0000004c   Code   RO         1026    i.sqrt              m_ws.l(sqrt.o)
    0x0800a644   0x00000018   Code   RO         1038    x$fpl$dcmpinf       fz_ws.l(dcmpi.o)
    0x0800a65c   0x0000005a   Code   RO          977    x$fpl$dfixu         fz_ws.l(dfixu.o)
    0x0800a6b6   0x00000026   Code   RO          981    x$fpl$dfltu         fz_ws.l(dflt_clz.o)
    0x0800a6dc   0x00000078   Code   RO          987    x$fpl$dleqf         fz_ws.l(dleqf.o)
    0x0800a754   0x0000009c   Code   RO         1040    x$fpl$dnaninf       fz_ws.l(dnaninf.o)
    0x0800a7f0   0x0000000c   Code   RO         1042    x$fpl$dretinf       fz_ws.l(dretinf.o)
    0x0800a7fc   0x0000006c   Code   RO          989    x$fpl$drleqf        fz_ws.l(drleqf.o)
    0x0800a868   0x000001cc   Code   RO         1044    x$fpl$dsqrt         fz_ws.l(dsqrt_noumaal.o)
    0x0800aa34   0x00000056   Code   RO          991    x$fpl$f2d           fz_ws.l(f2d.o)
    0x0800aa8a   0x00000002   PAD
    0x0800aa8c   0x000000c4   Code   RO          993    x$fpl$fadd          fz_ws.l(faddsub_clz.o)
    0x0800ab50   0x00000018   Code   RO         1046    x$fpl$fcmpinf       fz_ws.l(fcmpi.o)
    0x0800ab68   0x00000184   Code   RO         1000    x$fpl$fdiv          fz_ws.l(fdiv.o)
    0x0800acec   0x00000036   Code   RO         1005    x$fpl$ffix          fz_ws.l(ffix.o)
    0x0800ad22   0x00000002   PAD
    0x0800ad24   0x0000003e   Code   RO         1009    x$fpl$ffixu         fz_ws.l(ffixu.o)
    0x0800ad62   0x00000002   PAD
    0x0800ad64   0x00000030   Code   RO         1014    x$fpl$fflt          fz_ws.l(fflt_clz.o)
    0x0800ad94   0x00000026   Code   RO         1013    x$fpl$ffltu         fz_ws.l(fflt_clz.o)
    0x0800adba   0x00000002   PAD
    0x0800adbc   0x00000068   Code   RO         1019    x$fpl$fleqf         fz_ws.l(fleqf.o)
    0x0800ae24   0x00000102   Code   RO         1021    x$fpl$fmul          fz_ws.l(fmul.o)
    0x0800af26   0x0000008c   Code   RO         1048    x$fpl$fnaninf       fz_ws.l(fnaninf.o)
    0x0800afb2   0x0000000a   Code   RO         1050    x$fpl$fretinf       fz_ws.l(fretinf.o)
    0x0800afbc   0x00000062   Code   RO         1023    x$fpl$frleqf        fz_ws.l(frleqf.o)
    0x0800b01e   0x00000014   Code   RO          994    x$fpl$frsb          fz_ws.l(faddsub_clz.o)
    0x0800b032   0x00000002   PAD
    0x0800b034   0x000000ea   Code   RO          995    x$fpl$fsub          fz_ws.l(faddsub_clz.o)
    0x0800b11e   0x00000000   Code   RO         1052    x$fpl$usenofp       fz_ws.l(usenofp.o)
    0x0800b11e   0x00000a64   Data   RO          310    .constdata          lcd.o
    0x0800bb82   0x0000003a   Data   RO          857    .constdata          ff.o
    0x0800bbbc   0x000003c0   Data   RO          887    .constdata          mycc936.o
    0x0800bf7c   0x00000109   Data   RO          933    .constdata          picdecoder.o
    0x0800c085   0x00000003   PAD
    0x0800c088   0x00000064   Data   RO          828    .conststring        exfuns.o
    0x0800c0ec   0x00000037   Data   RO          901    .conststring        fontupd.o
    0x0800c123   0x00000001   PAD
    0x0800c124   0x00000020   Data   RO         1203    Region$$Table       anon$$obj.o


    Execution Region RW_IRAM1 (Base: 0x20000000, Size: 0x00004060, Max: 0x00005000, ABSOLUTE, COMPRESSED[0x00000088])

    Base Addr    Size         Type   Attr      Idx    E Section Name        Object

    0x20000000   0x00000014   Data   RW          218    .data               system_stm32f10x.o
    0x20000014   0x00000001   Data   RW          248    .data               key.o
    0x20000015   0x00000001   PAD
    0x20000016   0x00000006   Data   RW          311    .data               lcd.o
    0x2000001c   0x00000002   Data   RW          442    .data               touch.o
    0x2000001e   0x00000001   Data   RW          464    .data               mmc_sd.o
    0x2000001f   0x00000001   PAD
    0x20000020   0x00000004   Data   RW          482    .data               delay.o
    0x20000024   0x00000005   Data   RW          509    .data               usart.o
    0x20000029   0x00000014   Data   RW          741    .data               stm32f10x_rcc.o
    0x2000003d   0x00000003   PAD
    0x20000040   0x00000140   Data   RW          829    .data               exfuns.o
    0x20000180   0x0000000b   Data   RW          858    .data               ff.o
    0x2000018b   0x00000001   PAD
    0x2000018c   0x00000018   Data   RW          902    .data               fontupd.o
    0x200001a4   0x00000068   Data   RW          934    .data               picdecoder.o
    0x2000020c   0x00000100   Zero   RW            2    .bss                main.o
    0x2000030c   0x0000000e   Zero   RW          309    .bss                lcd.o
    0x2000031a   0x00000012   Zero   RW          408    .bss                spi.o
    0x2000032c   0x00001000   Zero   RW          423    .bss                flash.o
    0x2000132c   0x0000001c   Zero   RW          441    .bss                touch.o
    0x20001348   0x00000040   Zero   RW          508    .bss                usart.o
    0x20001388   0x00000200   Zero   RW          856    .bss                ff.o
    0x20001588   0x00002474   Zero   RW          932    .bss                picdecoder.o
    0x200039fc   0x00000060   Zero   RW         1074    .bss                c_w.l(libspace.o)
    0x20003a5c   0x00000004   PAD
    0x20003a60   0x00000200   Zero   RW          542    HEAP                startup_stm32f10x_md.o
    0x20003c60   0x00000400   Zero   RW          541    STACK               startup_stm32f10x_md.o


==============================================================================

Image component sizes


      Code (inc. data)   RO Data    RW Data    ZI Data      Debug   Object Name

       378          0          0          0          0       3150   24cxx.o
         0          0          0          0          0         32   core_cm3.o
       172          8          0          4          0       1551   delay.o
       432          4          0          0          0       3370   diskio.o
       220          6        100        320          0       5544   exfuns.o
     12338        146         58         11        512      31791   ff.o
       808         16          0          0       4096       5018   flash.o
         0          0         55         24          0       1949   fontupd.o
       232         20          0          1          0       1040   key.o
      2152         46       2660          6         14      11815   lcd.o
       100          8          0          0          0        759   led.o
       516        116          0          0        256     270207   main.o
       220         22          0          0          0       2305   misc.o
      1392         16          0          1          0       6758   mmc_sd.o
       200         14        960          0          0       2077   mycc936.o
       600         12          0          0          0       2104   myiic.o
      7684        620        265        104       9332      17589   picdecoder.o
       224         12          0          0         18       1781   spi.o
        64         26        236          0       1536        928   startup_stm32f10x_md.o
       284         10          0          0          0       2735   stm32f10x_exti.o
       860         38          0          0          0       6149   stm32f10x_gpio.o
        26          0          0          0          0       1430   stm32f10x_it.o
        64          6          0          0          0       1517   stm32f10x_iwdg.o
       204         14          0          0          0       2171   stm32f10x_pwr.o
       932         36          0         20          0       9568   stm32f10x_rcc.o
       780         14          0          0          0       7030   stm32f10x_spi.o
      3610         88          0          0          0      22632   stm32f10x_tim.o
      1032         22          0          0          0       8872   stm32f10x_usart.o
       136         10          0          0          0       2796   stm32f10x_wwdg.o
        12          0          0          0          0        701   sys.o
       480         38          0         20          0       2495   system_stm32f10x.o
       740         18          0          0          0       3696   text.o
       144          8          0          0          0       1018   timer.o
      3780        302          0          2         28       7497   touch.o
       320         16          0          5         64       3902   usart.o
       168          6          0          0          0       1588   wdg.o
       256         12          0          0          0       1498   wkup.o

    ----------------------------------------------------------------------
     41568       1730       4370        524      15856     457063   Object Totals
         0          0         32          0          0          0   (incl. Generated)
         8          0          4          6          0          0   (incl. Padding)

    ----------------------------------------------------------------------

      Code (inc. data)   RO Data    RW Data    ZI Data      Debug   Library Member Name

        90          0          0          0          0          0   __dczerorl2.o
         8          0          0          0          0         68   __main.o
        52          8          0          0          0          0   __scatter.o
        28          0          0          0          0          0   __scatter_zi.o
        22          0          0          0          0        100   _rserrno.o
        12          0          0          0          0         72   exit.o
         6          0          0          0          0        152   heapauxi.o
         2          0          0          0          0          0   libinit.o
         2          0          0          0          0          0   libinit2.o
         2          0          0          0          0          0   libshutdown.o
         2          0          0          0          0          0   libshutdown2.o
         8          4          0          0         96         68   libspace.o
         8          4          0          0          0         68   rt_errno_addr_intlibspace.o
       100          0          0          0          0         80   rt_memcpy_w.o
         0          0          0          0          0          0   rtentry.o
        12          0          0          0          0          0   rtentry2.o
         6          0          0          0          0          0   rtentry4.o
         2          0          0          0          0          0   rtexit.o
        10          0          0          0          0          0   rtexit2.o
        24          0          0          0          0         68   strcat.o
       128          0          0          0          0         68   strcmpv7m.o
        72          0          0          0          0         80   strcpy.o
        74          0          0          0          0         80   sys_stackheap_outer.o
         2          0          0          0          0         68   use_no_semi.o
         2          0          0          0          0         68   use_no_semi_2.o
        24          0          0          0          0         68   dcmpi.o
        90          4          0          0          0         92   dfixu.o
        38          0          0          0          0         68   dflt_clz.o
       120          4          0          0          0         92   dleqf.o
       156          4          0          0          0         92   dnaninf.o
        12          0          0          0          0         68   dretinf.o
       108          0          0          0          0         80   drleqf.o
       460         56          0          0          0        120   dsqrt_noumaal.o
        86          4          0          0          0         84   f2d.o
       450          8          0          0          0        236   faddsub_clz.o
        24          0          0          0          0         68   fcmpi.o
       388         76          0          0          0         96   fdiv.o
        54          4          0          0          0         84   ffix.o
        62          4          0          0          0         84   ffixu.o
        86          0          0          0          0        136   fflt_clz.o
       104          4          0          0          0         84   fleqf.o
       258          4          0          0          0         84   fmul.o
       140          4          0          0          0         84   fnaninf.o
        10          0          0          0          0         68   fretinf.o
        98          0          0          0          0         68   frleqf.o
         0          0          0          0          0          0   usenofp.o
        76          0          0          0          0         84   sqrt.o

    ----------------------------------------------------------------------
      3538        192          0          0        100       2980   Library Totals
        20          0          0          0          4          0   (incl. Padding)

    ----------------------------------------------------------------------

      Code (inc. data)   RO Data    RW Data    ZI Data      Debug   Library Name

       674         16          0          0         96       1040   c_w.l
      2768        176          0          0          0       1856   fz_ws.l
        76          0          0          0          0         84   m_ws.l

    ----------------------------------------------------------------------
      3538        192          0          0        100       2980   Library Totals

    ----------------------------------------------------------------------

==============================================================================


      Code (inc. data)   RO Data    RW Data    ZI Data      Debug   

     45106       1922       4370        524      15956     455151   Grand Totals
     45106       1922       4370        136      15956     455151   ELF Image Totals (compressed)
     45106       1922       4370        136          0          0   ROM Totals

==============================================================================

    Total RO  Size (Code + RO Data)                49476 (  48.32kB)
    Total RW  Size (RW Data + ZI Data)             16480 (  16.09kB)
    Total ROM Size (Code + RO Data + RW Data)      49612 (  48.45kB)

==============================================================================

