<html>
<body>
<pre>
<h1>礦ision Build Log</h1>
<h2>Project:</h2>
E:\学习\全动电子液晶测试程序\液晶模块配套资料整理\最新模块代码资料制作\3.5寸\3.5寸ILI9486模块配套资料QD-TFT3502_V1.0\4，STM32单片机程序源码\STM32_Fatfs文件系统读SD卡显示图片例程-IO模拟\USER\PICDEC.uvproj
Project File Date:  04/22/2016

<h2>Output:</h2>
Build target 'Target 1'
compiling main.c...
compiling stm32f10x_it.c...
compiling system_stm32f10x.c...
compiling led.c...
compiling key.c...
compiling wdg.c...
compiling timer.c...
compiling pwm.c...
compiling lcd.c...
compiling wkup.c...
compiling adc.c...
compiling tsensor.c...
compiling myiic.c...
compiling 24cxx.c...
compiling spi.c...
compiling flash.c...
compiling touch.c...
compiling mmc_sd.c...
compiling delay.c...
compiling sys.c...
compiling usart.c...
compiling core_cm3.c...
assembling startup_stm32f10x_md.s...
compiling misc.c...
compiling stm32f10x_adc.c...
compiling stm32f10x_bkp.c...
compiling stm32f10x_can.c...
compiling stm32f10x_cec.c...
compiling stm32f10x_crc.c...
compiling stm32f10x_dac.c...
compiling stm32f10x_dbgmcu.c...
compiling stm32f10x_dma.c...
compiling stm32f10x_exti.c...
compiling stm32f10x_flash.c...
compiling stm32f10x_fsmc.c...
compiling stm32f10x_gpio.c...
compiling stm32f10x_i2c.c...
compiling stm32f10x_iwdg.c...
compiling stm32f10x_pwr.c...
compiling stm32f10x_rcc.c...
compiling stm32f10x_rtc.c...
compiling stm32f10x_sdio.c...
compiling stm32f10x_spi.c...
compiling stm32f10x_tim.c...
compiling stm32f10x_usart.c...
compiling stm32f10x_wwdg.c...
compiling exfuns.c...
compiling ff.c...
compiling diskio.c...
compiling mycc936.c...
compiling fontupd.c...
compiling text.c...
compiling picdecoder.c...
linking...
Program Size: Code=45106 RO-data=4370 RW-data=524 ZI-data=15956  
FromELF: creating hex file...
".\PICDEC.axf" - 0 Error(s), 0 Warning(s).
Load "E:\\学习\\全动电子液晶测试程序\\液晶模块配套资料整理\\最新模块代码资料制作\\3.5寸\\3.5寸ILI9486模块配套资料QD-TFT3502_V1.0\\4，STM32单片机程序源码\\STM32_Fatfs文件系统读SD卡显示图片例程-IO模拟\\USER\\PICDEC.axf" 
Set JLink Project File to "E:\学习\全动电子液晶测试程序\液晶模块配套资料整理\最新模块代码资料制作\3.5寸\3.5寸ILI9486模块配套资料QD-TFT3502_V1.0\4，STM32单片机程序源码\STM32_Fatfs文件系统读SD卡显示图片例程-IO模拟\USER\JLinkSettings.ini"
* JLink Info: Device "STM32F103RB" selected (128 KB flash, 20 KB RAM).
 
JLink info:
------------
DLL: V4.80g, compiled Feb 13 2014 20:50:02
Firmware: J-Link ARM V8 compiled Nov 25 2013 19:20:08
Hardware: V8.00
S/N : 308621590 
Feature(s) : RDI,FlashDL,FlashBP,JFlash,GDBFULL 
 
* JLink Info: Found SWD-DP with ID 0x1BA01477
* JLink Info: Found SWD-DP with ID 0x1BA01477
* JLink Info: Found Cortex-M3 r1p1, Little endian.
* JLink Info: FPUnit: 6 code (BP) slots and 2 literal slots
* JLink Info: TPIU fitted.
* JLink Info: ETM fitted.
ROMTableAddr = 0xE00FF003
 
Target info:
------------
Device: STM32F103RB
VTarget = 3.313V
State of Pins: 
TCK: 0, TDI: 1, TDO: 1, TMS: 1, TRES: 1, TRST: 1
Hardware-Breakpoints: 6
Software-Breakpoints: 8192
Watchpoints:          4
JTAG speed: 4000 kHz
 
Erase Done.
Programming Done.
Verify OK.
Application running ...
</pre>
</body>
</html>
