<html>
<body>
<pre>
<h1>礦ision Build Log</h1>
<h2>Project:</h2>
E:\完成设计的产品\(MCUDEV)-STM32开发板系列\MCUDEV_TFT_144液晶\MCUDEV_TFT_1.44吋液晶(拍照文件)\STM32F103RCT6核心板_TFT144例程\STM32 SPI综合测试代码\TFT_Demo.uvproj
Project File Date:  08/05/2015

<h2>Output:</h2>
Rebuild target 'Target 1'
assembling startup_stm32f10x_hd.s...
compiling stm32f10x_it.c...
compiling main.c...
compiling Lcd_Driver.c...
compiling delay.c...
compiling GUI.c...
compiling TFT_demo.c...
user\TFT_demo.c(108): warning:  #177-D: variable "j" was declared but never referenced
user\TFT_demo.c(108): warning:  #177-D: variable "k" was declared but never referenced
user\TFT_demo.c(134): error:  #109: expression must have (pointer-to-) function type
compiling stm32f10x_gpio.c...
compiling misc.c...
compiling stm32f10x_rcc.c...
compiling core_cm3.c...
compiling system_stm32f10x.c...
".\Obj\STM32-FD-FLASHLED.axf" - 1 Errors, 2 Warning(s).
Target not created
Rebuild target 'Target 1'
assembling startup_stm32f10x_hd.s...
compiling stm32f10x_it.c...
compiling main.c...
compiling Lcd_Driver.c...
compiling delay.c...
compiling GUI.c...
compiling TFT_demo.c...
user\TFT_demo.c(108): warning:  #177-D: variable "j" was declared but never referenced
user\TFT_demo.c(108): warning:  #177-D: variable "k" was declared but never referenced
compiling stm32f10x_gpio.c...
compiling misc.c...
compiling stm32f10x_rcc.c...
compiling core_cm3.c...
compiling system_stm32f10x.c...
linking...
Program Size: Code=6842 RO-data=108458 RW-data=36 ZI-data=516  
FromELF: creating hex file...
".\Obj\STM32-FD-FLASHLED.axf" - 0 Errors, 2 Warning(s).
Rebuild target 'Target 1'
assembling startup_stm32f10x_hd.s...
compiling stm32f10x_it.c...
compiling main.c...
compiling Lcd_Driver.c...
compiling delay.c...
compiling GUI.c...
compiling TFT_demo.c...
user\TFT_demo.c(108): warning:  #177-D: variable "j" was declared but never referenced
user\TFT_demo.c(108): warning:  #177-D: variable "k" was declared but never referenced
compiling stm32f10x_gpio.c...
compiling misc.c...
compiling stm32f10x_rcc.c...
compiling core_cm3.c...
compiling system_stm32f10x.c...
linking...
Program Size: Code=6842 RO-data=108458 RW-data=36 ZI-data=516  
FromELF: creating hex file...
".\Obj\STM32-FD-FLASHLED.axf" - 0 Errors, 2 Warning(s).
Rebuild target 'Target 1'
assembling startup_stm32f10x_hd.s...
compiling stm32f10x_it.c...
compiling main.c...
compiling Lcd_Driver.c...
compiling delay.c...
compiling GUI.c...
compiling TFT_demo.c...
user\TFT_demo.c(108): warning:  #177-D: variable "j" was declared but never referenced
user\TFT_demo.c(108): warning:  #177-D: variable "k" was declared but never referenced
compiling stm32f10x_gpio.c...
compiling misc.c...
compiling stm32f10x_rcc.c...
compiling core_cm3.c...
compiling system_stm32f10x.c...
linking...
Program Size: Code=6842 RO-data=108458 RW-data=36 ZI-data=516  
FromELF: creating hex file...
".\Obj\STM32-FD-FLASHLED.axf" - 0 Errors, 2 Warning(s).
Rebuild target 'Target 1'
assembling startup_stm32f10x_hd.s...
compiling stm32f10x_it.c...
compiling main.c...
compiling Lcd_Driver.c...
compiling delay.c...
compiling GUI.c...
compiling TFT_demo.c...
user\TFT_demo.c(108): warning:  #177-D: variable "j" was declared but never referenced
user\TFT_demo.c(108): warning:  #177-D: variable "k" was declared but never referenced
compiling stm32f10x_gpio.c...
compiling misc.c...
compiling stm32f10x_rcc.c...
compiling core_cm3.c...
compiling system_stm32f10x.c...
linking...
Program Size: Code=6842 RO-data=108458 RW-data=36 ZI-data=516  
FromELF: creating hex file...
".\Obj\STM32-FD-FLASHLED.axf" - 0 Errors, 2 Warning(s).
Rebuild target 'Target 1'
assembling startup_stm32f10x_hd.s...
compiling stm32f10x_it.c...
compiling main.c...
compiling Lcd_Driver.c...
compiling delay.c...
compiling GUI.c...
compiling TFT_demo.c...
user\TFT_demo.c(108): warning:  #177-D: variable "j" was declared but never referenced
user\TFT_demo.c(108): warning:  #177-D: variable "k" was declared but never referenced
compiling stm32f10x_gpio.c...
compiling misc.c...
compiling stm32f10x_rcc.c...
compiling core_cm3.c...
compiling system_stm32f10x.c...
linking...
Program Size: Code=6842 RO-data=108458 RW-data=36 ZI-data=516  
FromELF: creating hex file...
".\Obj\STM32-FD-FLASHLED.axf" - 0 Errors, 2 Warning(s).
Load "E:\\完成设计的产品\\(MCUDEV)-STM32开发板系列\\MCUDEV_TFT_144液晶\\MCUDEV_TFT_1.44吋液晶(拍照文件)\\STM32F103RCT6核心板_TFT144例程\\STM32 SPI综合测试代码\\Obj\\STM32-FD-FLASHLED.axf" 
Erase Done.
Programming Done.
Verify OK.
