<html>
<body>
<pre>
<h1>礦ision Build Log</h1>
<h2>Project:</h2>
G:\360云盘\2.2 STM32\STM32开发板综合测试对外公布1.8 SPI\USER\TOUCH.uvproj
Project File Date:  04/25/2014

<h2>Output:</h2>
Build target 'Target 1'
compiling main.c...
compiling stm32f10x_it.c...
compiling system_stm32f10x.c...
compiling led.c...
compiling key.c...
compiling lcd.c...
compiling spi.c...
compiling delay.c...
compiling sys.c...
compiling core_cm3.c...
assembling startup_stm32f10x_hd.s...
compiling stm32f10x_gpio.c...
compiling stm32f10x_rcc.c...
compiling stm32f10x_spi.c...
compiling misc.c...
linking...
Program Size: Code=7452 RO-data=6196 RW-data=4024 ZI-data=1648  
FromELF: creating hex file...
"..\OBJ\TOUCH.axf" - 0 Error(s), 0 Warning(s).
Load "..\\OBJ\\TOUCH.AXF" 
Set JLink Project File to "G:\360云盘\2.2 STM32\STM32开发板综合测试对外公布1.8 SPI\USER\JLinkSettings.ini"
 
JLink info:
------------
DLL: V4.28 , compiled Jun 16 2011 17:41:05
Firmware: J-Link ARM V8 compiled Jun 19 2012 11:29:30
Hardware: V8.00
S/N : 20090626 
Feature(s) : RDI,FlashDL,FlashBP,JFlash,GDBFULL 
 
* JLink Info: Found SWD-DP with ID 0x1BA01477
* JLink Info: TPIU fitted.
* JLink Info: ETM fitted.
* JLink Info:   FPUnit: 6 code (BP) slots and 2 literal slots
* JLink Info: Found Cortex-M3 r1p1, Little endian.
ROMTableAddr = 0xE00FF003
* JLink Info: Found SWD-DP with ID 0x1BA01477
* JLink Info: TPIU fitted.
* JLink Info: ETM fitted.
* JLink Info:   FPUnit: 6 code (BP) slots and 2 literal slots
* JLink Info: Found Cortex-M3 r1p1, Little endian.
* JLink Info: Found SWD-DP with ID 0x1BA01477
* JLink Info: TPIU fitted.
* JLink Info: ETM fitted.
* JLink Info:   FPUnit: 6 code (BP) slots and 2 literal slots
* JLink Info: Found Cortex-M3 r1p1, Little endian.
 
Target info:
------------
Device: STM32F103VE
VTarget = 3.254V
State of Pins: 
TCK: 0, TDI: 1, TDO: 1, TMS: 1, TRES: 1, TRST: 1
Hardware-Breakpoints: 6
Software-Breakpoints: 8192
Watchpoints:          4
JTAG speed: 4000 kHz
 
Erase Done.
Programming Done.
Verify OK.
* JLink Info: Found SWD-DP with ID 0x1BA01477
* JLink Info: TPIU fitted.
* JLink Info: ETM fitted.
* JLink Info:   FPUnit: 6 code (BP) slots and 2 literal slots
* JLink Info: Found Cortex-M3 r1p1, Little endian.
Application running ...
Build target 'Target 1'
compiling main.c...
compiling stm32f10x_it.c...
compiling system_stm32f10x.c...
compiling led.c...
compiling key.c...
compiling lcd.c...
compiling spi.c...
compiling delay.c...
compiling sys.c...
compiling core_cm3.c...
assembling startup_stm32f10x_hd.s...
compiling stm32f10x_gpio.c...
compiling stm32f10x_rcc.c...
compiling stm32f10x_spi.c...
compiling misc.c...
linking...
Program Size: Code=7456 RO-data=6196 RW-data=4024 ZI-data=1648  
FromELF: creating hex file...
"..\OBJ\TOUCH.axf" - 0 Error(s), 0 Warning(s).
Load "..\\OBJ\\TOUCH.AXF" 
Set JLink Project File to "G:\360云盘\2.2 STM32\STM32开发板综合测试对外公布1.8 SPI\USER\JLinkSettings.ini"
 
JLink info:
------------
DLL: V4.28 , compiled Jun 16 2011 17:41:05
Firmware: J-Link ARM V8 compiled Jun 19 2012 11:29:30
Hardware: V8.00
S/N : 20090626 
Feature(s) : RDI,FlashDL,FlashBP,JFlash,GDBFULL 
 
* JLink Info: Found SWD-DP with ID 0x1BA01477
* JLink Info: TPIU fitted.
* JLink Info: ETM fitted.
* JLink Info:   FPUnit: 6 code (BP) slots and 2 literal slots
* JLink Info: Found Cortex-M3 r1p1, Little endian.
ROMTableAddr = 0xE00FF003
* JLink Info: Found SWD-DP with ID 0x1BA01477
* JLink Info: TPIU fitted.
* JLink Info: ETM fitted.
* JLink Info:   FPUnit: 6 code (BP) slots and 2 literal slots
* JLink Info: Found Cortex-M3 r1p1, Little endian.
* JLink Info: Found SWD-DP with ID 0x1BA01477
* JLink Info: TPIU fitted.
* JLink Info: ETM fitted.
* JLink Info:   FPUnit: 6 code (BP) slots and 2 literal slots
* JLink Info: Found Cortex-M3 r1p1, Little endian.
 
Target info:
------------
Device: STM32F103VE
VTarget = 3.254V
State of Pins: 
TCK: 0, TDI: 1, TDO: 1, TMS: 1, TRES: 1, TRST: 1
Hardware-Breakpoints: 6
Software-Breakpoints: 8192
Watchpoints:          0
JTAG speed: 4000 kHz
 
Erase Done.
Programming Done.
Verify OK.
* JLink Info: Found SWD-DP with ID 0x1BA01477
* JLink Info: TPIU fitted.
* JLink Info: ETM fitted.
* JLink Info:   FPUnit: 6 code (BP) slots and 2 literal slots
* JLink Info: Found Cortex-M3 r1p1, Little endian.
Application running ...
Build target 'Target 1'
compiling main.c...
compiling stm32f10x_it.c...
compiling system_stm32f10x.c...
compiling led.c...
compiling key.c...
compiling lcd.c...
compiling spi.c...
compiling delay.c...
compiling sys.c...
compiling core_cm3.c...
assembling startup_stm32f10x_hd.s...
compiling stm32f10x_gpio.c...
compiling stm32f10x_rcc.c...
compiling stm32f10x_spi.c...
compiling misc.c...
linking...
Program Size: Code=7456 RO-data=6196 RW-data=4024 ZI-data=1648  
FromELF: creating hex file...
"..\OBJ\TOUCH.axf" - 0 Error(s), 0 Warning(s).
Load "..\\OBJ\\TOUCH.AXF" 
Set JLink Project File to "G:\360云盘\2.2 STM32\STM32开发板综合测试对外公布1.8 SPI\USER\JLinkSettings.ini"
 
JLink info:
------------
DLL: V4.28 , compiled Jun 16 2011 17:41:05
Firmware: J-Link ARM V8 compiled Jun 19 2012 11:29:30
Hardware: V8.00
S/N : 20090626 
Feature(s) : RDI,FlashDL,FlashBP,JFlash,GDBFULL 
 
* JLink Info: Found SWD-DP with ID 0x1BA01477
* JLink Info: TPIU fitted.
* JLink Info: ETM fitted.
* JLink Info:   FPUnit: 6 code (BP) slots and 2 literal slots
* JLink Info: Found Cortex-M3 r1p1, Little endian.
ROMTableAddr = 0xE00FF003
* JLink Info: Found SWD-DP with ID 0x1BA01477
* JLink Info: TPIU fitted.
* JLink Info: ETM fitted.
* JLink Info:   FPUnit: 6 code (BP) slots and 2 literal slots
* JLink Info: Found Cortex-M3 r1p1, Little endian.
* JLink Info: Found SWD-DP with ID 0x1BA01477
* JLink Info: TPIU fitted.
* JLink Info: ETM fitted.
* JLink Info:   FPUnit: 6 code (BP) slots and 2 literal slots
* JLink Info: Found Cortex-M3 r1p1, Little endian.
 
Target info:
------------
Device: STM32F103VE
VTarget = 3.254V
State of Pins: 
TCK: 0, TDI: 1, TDO: 1, TMS: 1, TRES: 1, TRST: 1
Hardware-Breakpoints: 6
Software-Breakpoints: 8192
Watchpoints:          0
JTAG speed: 4000 kHz
 
Erase Done.
Programming Done.
Verify OK.
* JLink Info: Found SWD-DP with ID 0x1BA01477
* JLink Info: TPIU fitted.
* JLink Info: ETM fitted.
* JLink Info:   FPUnit: 6 code (BP) slots and 2 literal slots
* JLink Info: Found Cortex-M3 r1p1, Little endian.
Application running ...
Build target 'Target 1'
compiling main.c...
compiling stm32f10x_it.c...
compiling system_stm32f10x.c...
compiling led.c...
compiling key.c...
compiling lcd.c...
compiling spi.c...
compiling delay.c...
compiling sys.c...
compiling core_cm3.c...
assembling startup_stm32f10x_hd.s...
compiling stm32f10x_gpio.c...
compiling stm32f10x_rcc.c...
compiling stm32f10x_spi.c...
compiling misc.c...
linking...
Program Size: Code=7464 RO-data=6196 RW-data=4024 ZI-data=1648  
FromELF: creating hex file...
"..\OBJ\TOUCH.axf" - 0 Error(s), 0 Warning(s).
Load "..\\OBJ\\TOUCH.AXF" 
Set JLink Project File to "G:\360云盘\2.2 STM32\STM32开发板综合测试对外公布1.8 SPI\USER\JLinkSettings.ini"
 
JLink info:
------------
DLL: V4.28 , compiled Jun 16 2011 17:41:05
Firmware: J-Link ARM V8 compiled Jun 19 2012 11:29:30
Hardware: V8.00
S/N : 20090626 
Feature(s) : RDI,FlashDL,FlashBP,JFlash,GDBFULL 
 
* JLink Info: Found SWD-DP with ID 0x1BA01477
* JLink Info: TPIU fitted.
* JLink Info: ETM fitted.
* JLink Info:   FPUnit: 6 code (BP) slots and 2 literal slots
* JLink Info: Found Cortex-M3 r1p1, Little endian.
ROMTableAddr = 0xE00FF003
* JLink Info: Found SWD-DP with ID 0x1BA01477
* JLink Info: TPIU fitted.
* JLink Info: ETM fitted.
* JLink Info:   FPUnit: 6 code (BP) slots and 2 literal slots
* JLink Info: Found Cortex-M3 r1p1, Little endian.
* JLink Info: Found SWD-DP with ID 0x1BA01477
* JLink Info: TPIU fitted.
* JLink Info: ETM fitted.
* JLink Info:   FPUnit: 6 code (BP) slots and 2 literal slots
* JLink Info: Found Cortex-M3 r1p1, Little endian.
 
Target info:
------------
Device: STM32F103VE
VTarget = 3.254V
State of Pins: 
TCK: 0, TDI: 1, TDO: 1, TMS: 1, TRES: 1, TRST: 1
Hardware-Breakpoints: 6
Software-Breakpoints: 8192
Watchpoints:          0
JTAG speed: 4000 kHz
 
Erase Done.
Programming Done.
Verify OK.
* JLink Info: Found SWD-DP with ID 0x1BA01477
* JLink Info: TPIU fitted.
* JLink Info: ETM fitted.
* JLink Info:   FPUnit: 6 code (BP) slots and 2 literal slots
* JLink Info: Found Cortex-M3 r1p1, Little endian.
Application running ...
Build target 'Target 1'
compiling main.c...
compiling stm32f10x_it.c...
compiling system_stm32f10x.c...
compiling led.c...
compiling key.c...
compiling lcd.c...
compiling spi.c...
compiling delay.c...
compiling sys.c...
compiling core_cm3.c...
assembling startup_stm32f10x_hd.s...
compiling stm32f10x_gpio.c...
compiling stm32f10x_rcc.c...
compiling stm32f10x_spi.c...
compiling misc.c...
linking...
Program Size: Code=7456 RO-data=6196 RW-data=4024 ZI-data=1648  
FromELF: creating hex file...
"..\OBJ\TOUCH.axf" - 0 Error(s), 0 Warning(s).
Load "..\\OBJ\\TOUCH.AXF" 
Set JLink Project File to "G:\360云盘\2.2 STM32\STM32开发板综合测试对外公布1.8 SPI\USER\JLinkSettings.ini"
 
JLink info:
------------
DLL: V4.28 , compiled Jun 16 2011 17:41:05
Firmware: J-Link ARM V8 compiled Jun 19 2012 11:29:30
Hardware: V8.00
S/N : 20090626 
Feature(s) : RDI,FlashDL,FlashBP,JFlash,GDBFULL 
 
* JLink Info: Found SWD-DP with ID 0x1BA01477
* JLink Info: TPIU fitted.
* JLink Info: ETM fitted.
* JLink Info:   FPUnit: 6 code (BP) slots and 2 literal slots
* JLink Info: Found Cortex-M3 r1p1, Little endian.
ROMTableAddr = 0xE00FF003
* JLink Info: Found SWD-DP with ID 0x1BA01477
* JLink Info: TPIU fitted.
* JLink Info: ETM fitted.
* JLink Info:   FPUnit: 6 code (BP) slots and 2 literal slots
* JLink Info: Found Cortex-M3 r1p1, Little endian.
* JLink Info: Found SWD-DP with ID 0x1BA01477
* JLink Info: TPIU fitted.
* JLink Info: ETM fitted.
* JLink Info:   FPUnit: 6 code (BP) slots and 2 literal slots
* JLink Info: Found Cortex-M3 r1p1, Little endian.
 
Target info:
------------
Device: STM32F103VE
VTarget = 3.254V
State of Pins: 
TCK: 0, TDI: 1, TDO: 1, TMS: 1, TRES: 1, TRST: 1
Hardware-Breakpoints: 6
Software-Breakpoints: 8192
Watchpoints:          0
JTAG speed: 4000 kHz
 
Erase Done.
Programming Done.
Verify OK.
* JLink Info: Found SWD-DP with ID 0x1BA01477
* JLink Info: TPIU fitted.
* JLink Info: ETM fitted.
* JLink Info:   FPUnit: 6 code (BP) slots and 2 literal slots
* JLink Info: Found Cortex-M3 r1p1, Little endian.
Application running ...
