<html>
<body>
<pre>
<h1>礦ision Build Log</h1>
<h2>Tool Versions:</h2>
IDE-Version: μVision V5.14.0.0
Copyright (C) 2015 ARM Ltd and ARM Germany GmbH. All rights reserved.
License Information: 0 Microsoft, Microsoft, LIC=X1EY8-3CYFV-SFGI0-BCXAZ-HRE7A-ZYXDT
 
Tool Versions:
Toolchain:       MDK-ARM Professional  Version: 5.14.0.0
Toolchain Path:  C:\Keil_v5\ARM\ARMCC\Bin
C Compiler:      Armcc.exe V5.05 update 1 (build 106)
Assembler:       Armasm.exe V5.05 update 1 (build 106)
Linker/Locator:  ArmLink.exe V5.05 update 1 (build 106)
Library Manager: ArmAr.exe V5.05 update 1 (build 106)
Hex Converter:   FromElf.exe V5.05 update 1 (build 106)
CPU DLL:         SARMCM3.DLL V5.14.0.0
Dialog DLL:      DARMSTM.DLL V1.65.0.0
Target DLL:      Segger\JL2CM3.dll V2.99.13.0
Dialog DLL:      TARMSTM.DLL V1.64.0.0
 
<h2>Project:</h2>
F:\显示屏技术资料\LCD技术资料\TFT_LCD并口资料\中景园电子3.5寸并口LCD技术资料\3.5寸TFT LCD并口带触摸\STM32综合测试程序3.5寸ILI9486_320X480_FSMC\USER\TOUCH.uvprojx
Project File Date:  05/07/2016

<h2>Output:</h2>
Rebuild target 'Target 1'
compiling main.c...
compiling test.c...
compiling GUI.c...
compiling delay.c...
..\SYSTEM\delay\delay.c(142): warning:  #1-D: last line of file ends without a newline
  #endif
..\SYSTEM\delay\delay.c: 1 warning, 0 errors
compiling system_stm32f10x.c...
compiling key.c...
compiling lcd.c...
compiling myiic.c...
compiling 24cxx.c...
compiling touch.c...
compiling core_cm3.c...
assembling startup_stm32f10x_hd.s...
compiling misc.c...
compiling stm32f10x_gpio.c...
compiling stm32f10x_rcc.c...
compiling stm32f10x_spi.c...
compiling stm32f10x_usart.c...
compiling stm32f10x_fsmc.c...
linking...
Program Size: Code=18982 RO-data=8822 RW-data=112 ZI-data=1648  
FromELF: creating hex file...
"..\OBJ\TOUCH.axf" - 0 Error(s), 1 Warning(s).

<h2>Collection of Component include folders:</h2>
  F:\显示屏技术资料\LCD技术资料\TFT_LCD并口资料\中景园电子3.5寸并口LCD技术资料\3.5寸TFT LCD并口带触摸\STM32综合测试程序3.5寸ILI9486_320X480_FSMC\USER\RTE
  C:\Keil_v5\ARM\PACK\Keil\STM32F1xx_DFP\1.0.5\Device\Include

<h2>Collection of Component Files used:</h2>
</pre>
</body>
</html>
